Component: ARM Compiler 5.06 update 6 (build 750) Tool: armlink [4d35ed]

==============================================================================

Section Cross References

    startup_stm32f427xx.o(RESET) refers to startup_stm32f427xx.o(STACK) for __initial_sp
    startup_stm32f427xx.o(RESET) refers to startup_stm32f427xx.o(.text) for Reset_Handler
    startup_stm32f427xx.o(RESET) refers to stm32f4xx_it.o(i.NMI_Handler) for NMI_Handler
    startup_stm32f427xx.o(RESET) refers to stm32f4xx_it.o(i.HardFault_Handler) for HardFault_Handler
    startup_stm32f427xx.o(RESET) refers to stm32f4xx_it.o(i.MemManage_Handler) for MemManage_Handler
    startup_stm32f427xx.o(RESET) refers to stm32f4xx_it.o(i.BusFault_Handler) for BusFault_Handler
    startup_stm32f427xx.o(RESET) refers to stm32f4xx_it.o(i.UsageFault_Handler) for UsageFault_Handler
    startup_stm32f427xx.o(RESET) refers to port.o(.emb_text) for SVC_Handler
    startup_stm32f427xx.o(RESET) refers to stm32f4xx_it.o(i.DebugMon_Handler) for DebugMon_Handler
    startup_stm32f427xx.o(RESET) refers to port.o(i.SysTick_Handler) for SysTick_Handler
    startup_stm32f427xx.o(RESET) refers to stm32f4xx_it.o(i.CAN1_RX0_IRQHandler) for CAN1_RX0_IRQHandler
    startup_stm32f427xx.o(RESET) refers to stm32f4xx_it.o(i.CAN1_RX1_IRQHandler) for CAN1_RX1_IRQHandler
    startup_stm32f427xx.o(RESET) refers to stm32f4xx_it.o(i.USART1_IRQHandler) for USART1_IRQHandler
    startup_stm32f427xx.o(RESET) refers to stm32f4xx_it.o(i.TIM8_TRG_COM_TIM14_IRQHandler) for TIM8_TRG_COM_TIM14_IRQHandler
    startup_stm32f427xx.o(RESET) refers to stm32f4xx_it.o(i.CAN2_RX0_IRQHandler) for CAN2_RX0_IRQHandler
    startup_stm32f427xx.o(RESET) refers to stm32f4xx_it.o(i.CAN2_RX1_IRQHandler) for CAN2_RX1_IRQHandler
    startup_stm32f427xx.o(.text) refers to system_stm32f4xx.o(i.SystemInit) for SystemInit
    startup_stm32f427xx.o(.text) refers to entry.o(.ARM.Collect$$$$00000000) for __main
    bsp_can.o(i.HAL_CAN_RxFifo0MsgPendingCallback) refers to stm32f4xx_hal_can.o(i.HAL_CAN_GetRxMessage) for HAL_CAN_GetRxMessage
    bsp_can.o(i.HAL_CAN_RxFifo0MsgPendingCallback) refers to main.o(i.Error_Handler) for Error_Handler
    bsp_can.o(i.HAL_CAN_RxFifo0MsgPendingCallback) refers to bsp_can.o(i.get_moto_offset) for get_moto_offset
    bsp_can.o(i.HAL_CAN_RxFifo0MsgPendingCallback) refers to bsp_can.o(i.get_moto_measure) for get_moto_measure
    bsp_can.o(i.HAL_CAN_RxFifo0MsgPendingCallback) refers to bsp_can.o(.bss) for .bss
    bsp_can.o(i.can_filter_init) refers to stm32f4xx_hal_can.o(i.HAL_CAN_ConfigFilter) for HAL_CAN_ConfigFilter
    bsp_can.o(i.can_filter_init) refers to main.o(i.Error_Handler) for Error_Handler
    bsp_can.o(i.can_filter_init) refers to stm32f4xx_hal_can.o(i.HAL_CAN_Start) for HAL_CAN_Start
    bsp_can.o(i.can_filter_init) refers to stm32f4xx_hal_can.o(i.HAL_CAN_ActivateNotification) for HAL_CAN_ActivateNotification
    bsp_can.o(i.can_filter_init) refers to can.o(.bss) for hcan2
    bsp_can.o(i.set_moto_current) refers to stm32f4xx_hal_can.o(i.HAL_CAN_AddTxMessage) for HAL_CAN_AddTxMessage
    bsp_can.o(i.set_moto_current) refers to bsp_can.o(.bss) for .bss
    bsp_can.o(i.set_moto_current) refers to bsp_can.o(.data) for .data
    bsp_uart.o(i.cal_speed) refers to bsp_uart.o(.bss) for .bss
    bsp_uart.o(i.dbus_uart_init) refers to stm32f4xx_hal_uart.o(i.HAL_UART_Receive_IT) for HAL_UART_Receive_IT
    bsp_uart.o(i.dbus_uart_init) refers to usart.o(.bss) for huart1
    bsp_uart.o(i.dbus_uart_init) refers to bsp_uart.o(.bss) for .bss
    bsp_uart.o(i.rc_callback_handler) refers to bsp_uart.o(.bss) for .bss
    bsp_uart.o(i.uart_receive_handler) refers to bsp_uart.o(i.rc_callback_handler) for rc_callback_handler
    bsp_uart.o(i.uart_receive_handler) refers to stm32f4xx_hal_uart.o(i.HAL_UART_Receive_IT) for HAL_UART_Receive_IT
    bsp_uart.o(i.uart_receive_handler) refers to usart.o(.bss) for huart1
    bsp_uart.o(i.uart_receive_handler) refers to bsp_uart.o(.bss) for .bss
    pid.o(i.PID_struct_init) refers to pid.o(i.pid_param_init) for pid_param_init
    pid.o(i.PID_struct_init) refers to pid.o(i.pid_reset) for pid_reset
    pid.o(i.pid_calc) refers to pid.o(i.abs_limit) for abs_limit
    pid.o(i.pid_sp_calc) refers to pid.o(i.abs_limit) for abs_limit
    main.o(i.HAL_TIM_PeriodElapsedCallback) refers to stm32f4xx_hal.o(i.HAL_IncTick) for HAL_IncTick
    main.o(i.SystemClock_Config) refers to memseta.o(.text) for __aeabi_memclr4
    main.o(i.SystemClock_Config) refers to stm32f4xx_hal_rcc.o(i.HAL_RCC_OscConfig) for HAL_RCC_OscConfig
    main.o(i.SystemClock_Config) refers to stm32f4xx_hal_pwr_ex.o(i.HAL_PWREx_EnableOverDrive) for HAL_PWREx_EnableOverDrive
    main.o(i.SystemClock_Config) refers to stm32f4xx_hal_rcc.o(i.HAL_RCC_ClockConfig) for HAL_RCC_ClockConfig
    main.o(i.main) refers to stm32f4xx_hal.o(i.HAL_Init) for HAL_Init
    main.o(i.main) refers to main.o(i.SystemClock_Config) for SystemClock_Config
[...]
    Removing tasks.o(i.vTaskSetTimeOutState), (36 bytes).
    Removing tasks.o(i.vTaskSuspend), (176 bytes).
    Removing tasks.o(i.xTaskCheckForTimeOut), (108 bytes).
    Removing tasks.o(i.xTaskGenericNotify), (204 bytes).
    Removing tasks.o(i.xTaskGenericNotifyFromISR), (240 bytes).
    Removing tasks.o(i.xTaskGetCurrentTaskHandle), (12 bytes).
    Removing tasks.o(i.xTaskGetSchedulerState), (28 bytes).
    Removing tasks.o(i.xTaskGetTickCount), (12 bytes).
    Removing tasks.o(i.xTaskGetTickCountFromISR), (16 bytes).
    Removing tasks.o(i.xTaskNotifyStateClear), (52 bytes).
    Removing tasks.o(i.xTaskNotifyWait), (140 bytes).
    Removing tasks.o(i.xTaskPriorityDisinherit), (152 bytes).
    Removing tasks.o(i.xTaskRemoveFromEventList), (116 bytes).
    Removing tasks.o(i.xTaskRemoveFromUnorderedEventList), (120 bytes).
    Removing tasks.o(i.xTaskResumeFromISR), (136 bytes).
    Removing cmsis_os.o(.rev16_text), (4 bytes).
    Removing cmsis_os.o(.revsh_text), (4 bytes).
    Removing cmsis_os.o(i.inHandlerMode), (12 bytes).
    Removing cmsis_os.o(i.makeCmsisPriority), (14 bytes).
    Removing cmsis_os.o(i.osAbortDelay), (4 bytes).
    Removing cmsis_os.o(i.osDelayUntil), (4 bytes).
    Removing cmsis_os.o(i.osKernelRunning), (18 bytes).
    Removing cmsis_os.o(i.osKernelSysTick), (24 bytes).
    Removing cmsis_os.o(i.osMailAlloc), (12 bytes).
    Removing cmsis_os.o(i.osMailCAlloc), (32 bytes).
    Removing cmsis_os.o(i.osMailCreate), (92 bytes).
    Removing cmsis_os.o(i.osMailFree), (12 bytes).
    Removing cmsis_os.o(i.osMailGet), (148 bytes).
    Removing cmsis_os.o(i.osMailPut), (92 bytes).
    Removing cmsis_os.o(i.osMessageAvailableSpace), (4 bytes).
    Removing cmsis_os.o(i.osMessageCreate), (8 bytes).
    Removing cmsis_os.o(i.osMessageDelete), (24 bytes).
    Removing cmsis_os.o(i.osMessageGet), (152 bytes).
    Removing cmsis_os.o(i.osMessagePeek), (78 bytes).
    Removing cmsis_os.o(i.osMessagePut), (92 bytes).
    Removing cmsis_os.o(i.osMessageWaiting), (30 bytes).
    Removing cmsis_os.o(i.osMutexCreate), (6 bytes).
    Removing cmsis_os.o(i.osMutexDelete), (24 bytes).
    Removing cmsis_os.o(i.osMutexRelease), (80 bytes).
    Removing cmsis_os.o(i.osMutexWait), (104 bytes).
    Removing cmsis_os.o(i.osPoolAlloc), (106 bytes).
    Removing cmsis_os.o(i.osPoolCAlloc), (16 bytes).
    Removing cmsis_os.o(i.osPoolCreate), (94 bytes).
    Removing cmsis_os.o(i.osPoolFree), (48 bytes).
    Removing cmsis_os.o(i.osRecursiveMutexCreate), (4 bytes).
    Removing cmsis_os.o(i.osRecursiveMutexRelease), (4 bytes).
    Removing cmsis_os.o(i.osRecursiveMutexWait), (4 bytes).
    Removing cmsis_os.o(i.osSemaphoreCreate), (38 bytes).
    Removing cmsis_os.o(i.osSemaphoreDelete), (24 bytes).
    Removing cmsis_os.o(i.osSemaphoreGetCount), (4 bytes).
    Removing cmsis_os.o(i.osSemaphoreRelease), (80 bytes).
    Removing cmsis_os.o(i.osSemaphoreWait), (104 bytes).
    Removing cmsis_os.o(i.osSignalSet), (92 bytes).
    Removing cmsis_os.o(i.osSignalWait), (86 bytes).
    Removing cmsis_os.o(i.osSystickHandler), (20 bytes).
    Removing cmsis_os.o(i.osThreadGetId), (4 bytes).
    Removing cmsis_os.o(i.osThreadGetPriority), (32 bytes).
    Removing cmsis_os.o(i.osThreadList), (4 bytes).
    Removing cmsis_os.o(i.osThreadResume), (52 bytes).
    Removing cmsis_os.o(i.osThreadResumeAll), (18 bytes).
    Removing cmsis_os.o(i.osThreadSetPriority), (22 bytes).
    Removing cmsis_os.o(i.osThreadSuspend), (10 bytes).
    Removing cmsis_os.o(i.osThreadSuspendAll), (10 bytes).
    Removing cmsis_os.o(i.osThreadTerminate), (10 bytes).
    Removing cmsis_os.o(i.osThreadYield), (24 bytes).
    Removing cmsis_os.o(i.osTimerCreate), (4 bytes).
    Removing cmsis_os.o(i.osTimerDelete), (4 bytes).
    Removing cmsis_os.o(i.osTimerStart), (4 bytes).
    Removing cmsis_os.o(i.osTimerStop), (4 bytes).
    Removing heap_4.o(i.vPortInitialiseBlocks), (2 bytes).
    Removing heap_4.o(i.xPortGetFreeHeapSize), (12 bytes).
    Removing heap_4.o(i.xPortGetMinimumEverFreeHeapSize), (12 bytes).
    Removing port.o(i.vPortEndScheduler), (32 bytes).
    Removing port.o(i.vPortValidateInterruptPriority), (84 bytes).

543 unused section(s) (total 33888 bytes) removed from the image.

==============================================================================

Image Symbol Table

    Local Symbols

    Symbol Name                              Value     Ov Type        Size  Object(Section)

    ../Drivers/STM32F4xx_HAL_Driver/Src/stm32f4xx_hal.c 0x00000000   Number         0  stm32f4xx_hal.o ABSOLUTE
    ../Drivers/STM32F4xx_HAL_Driver/Src/stm32f4xx_hal_can.c 0x00000000   Number         0  stm32f4xx_hal_can.o ABSOLUTE
    ../Drivers/STM32F4xx_HAL_Driver/Src/stm32f4xx_hal_cortex.c 0x00000000   Number         0  stm32f4xx_hal_cortex.o ABSOLUTE
    ../Drivers/STM32F4xx_HAL_Driver/Src/stm32f4xx_hal_dma.c 0x00000000   Number         0  stm32f4xx_hal_dma.o ABSOLUTE
    ../Drivers/STM32F4xx_HAL_Driver/Src/stm32f4xx_hal_dma_ex.c 0x00000000   Number         0  stm32f4xx_hal_dma_ex.o ABSOLUTE
    ../Drivers/STM32F4xx_HAL_Driver/Src/stm32f4xx_hal_flash.c 0x00000000   Number         0  stm32f4xx_hal_flash.o ABSOLUTE
    ../Drivers/STM32F4xx_HAL_Driver/Src/stm32f4xx_hal_flash_ex.c 0x00000000   Number         0  stm32f4xx_hal_flash_ex.o ABSOLUTE
    ../Drivers/STM32F4xx_HAL_Driver/Src/stm32f4xx_hal_flash_ramfunc.c 0x00000000   Number         0  stm32f4xx_hal_flash_ramfunc.o ABSOLUTE
    ../Drivers/STM32F4xx_HAL_Driver/Src/stm32f4xx_hal_gpio.c 0x00000000   Number         0  stm32f4xx_hal_gpio.o ABSOLUTE
    ../Drivers/STM32F4xx_HAL_Driver/Src/stm32f4xx_hal_pwr.c 0x00000000   Number         0  stm32f4xx_hal_pwr.o ABSOLUTE
    ../Drivers/STM32F4xx_HAL_Driver/Src/stm32f4xx_hal_pwr_ex.c 0x00000000   Number         0  stm32f4xx_hal_pwr_ex.o ABSOLUTE
    ../Drivers/STM32F4xx_HAL_Driver/Src/stm32f4xx_hal_rcc.c 0x00000000   Number         0  stm32f4xx_hal_rcc.o ABSOLUTE
    ../Drivers/STM32F4xx_HAL_Driver/Src/stm32f4xx_hal_rcc_ex.c 0x00000000   Number         0  stm32f4xx_hal_rcc_ex.o ABSOLUTE
    ../Drivers/STM32F4xx_HAL_Driver/Src/stm32f4xx_hal_tim.c 0x00000000   Number         0  stm32f4xx_hal_tim.o ABSOLUTE
    ../Drivers/STM32F4xx_HAL_Driver/Src/stm32f4xx_hal_tim_ex.c 0x00000000   Number         0  stm32f4xx_hal_tim_ex.o ABSOLUTE
    ../Drivers/STM32F4xx_HAL_Driver/Src/stm32f4xx_hal_uart.c 0x00000000   Number         0  stm32f4xx_hal_uart.o ABSOLUTE
    ../Middlewares/Third_Party/FreeRTOS/Source/CMSIS_RTOS/cmsis_os.c 0x00000000   Number         0  cmsis_os.o ABSOLUTE
    ../Middlewares/Third_Party/FreeRTOS/Source/croutine.c 0x00000000   Number         0  croutine.o ABSOLUTE
    ../Middlewares/Third_Party/FreeRTOS/Source/event_groups.c 0x00000000   Number         0  event_groups.o ABSOLUTE
    ../Middlewares/Third_Party/FreeRTOS/Source/list.c 0x00000000   Number         0  list.o ABSOLUTE
    ../Middlewares/Third_Party/FreeRTOS/Source/portable/MemMang/heap_4.c 0x00000000   Number         0  heap_4.o ABSOLUTE
    ../Middlewares/Third_Party/FreeRTOS/Source/portable/RVDS/ARM_CM4F/port.c 0x00000000   Number         0  port.o ABSOLUTE
    ../Middlewares/Third_Party/FreeRTOS/Source/queue.c 0x00000000   Number         0  queue.o ABSOLUTE
    ../Middlewares/Third_Party/FreeRTOS/Source/tasks.c 0x00000000   Number         0  tasks.o ABSOLUTE
    ../Middlewares/Third_Party/FreeRTOS/Source/timers.c 0x00000000   Number         0  timers.o ABSOLUTE
    ../Src/can.c                             0x00000000   Number         0  can.o ABSOLUTE
    ../Src/freertos.c                        0x00000000   Number         0  freertos.o ABSOLUTE
    ../Src/gpio.c                            0x00000000   Number         0  gpio.o ABSOLUTE
    ../Src/main.c                            0x00000000   Number         0  main.o ABSOLUTE
    ../Src/stm32f4xx_hal_msp.c               0x00000000   Number         0  stm32f4xx_hal_msp.o ABSOLUTE
    ../Src/stm32f4xx_hal_timebase_tim.c      0x00000000   Number         0  stm32f4xx_hal_timebase_tim.o ABSOLUTE
    ../Src/stm32f4xx_it.c                    0x00000000   Number         0  stm32f4xx_it.o ABSOLUTE
    ../Src/system_stm32f4xx.c                0x00000000   Number         0  system_stm32f4xx.o ABSOLUTE
    ../Src/usart.c                           0x00000000   Number         0  usart.o ABSOLUTE
    ../clib/microlib/division.c              0x00000000   Number         0  uldiv.o ABSOLUTE
    ../clib/microlib/init/entry.s            0x00000000   Number         0  entry7a.o ABSOLUTE
    ../clib/microlib/init/entry.s            0x00000000   Number         0  entry7b.o ABSOLUTE
    ../clib/microlib/init/entry.s            0x00000000   Number         0  entry11b.o ABSOLUTE
    ../clib/microlib/init/entry.s            0x00000000   Number         0  entry11a.o ABSOLUTE
    ../clib/microlib/init/entry.s            0x00000000   Number         0  entry10b.o ABSOLUTE
    ../clib/microlib/init/entry.s            0x00000000   Number         0  entry10a.o ABSOLUTE
    ../clib/microlib/init/entry.s            0x00000000   Number         0  entry8a.o ABSOLUTE
    ../clib/microlib/init/entry.s            0x00000000   Number         0  entry9b.o ABSOLUTE
    ../clib/microlib/init/entry.s            0x00000000   Number         0  entry5.o ABSOLUTE
    ../clib/microlib/init/entry.s            0x00000000   Number         0  entry.o ABSOLUTE
    ../clib/microlib/init/entry.s            0x00000000   Number         0  entry2.o ABSOLUTE
    ../clib/microlib/init/entry.s            0x00000000   Number         0  entry9a.o ABSOLUTE
    ../clib/microlib/init/entry.s            0x00000000   Number         0  entry8b.o ABSOLUTE
    ../clib/microlib/longlong.c              0x00000000   Number         0  llushr.o ABSOLUTE
    ../clib/microlib/longlong.c              0x00000000   Number         0  llshl.o ABSOLUTE
    ../clib/microlib/string/memcpy.c         0x00000000   Number         0  memcpyb.o ABSOLUTE
    ../clib/microlib/string/memcpy.c         0x00000000   Number         0  memcpya.o ABSOLUTE
    ../clib/microlib/string/memset.c         0x00000000   Number         0  memseta.o ABSOLUTE
    ..\Drivers\STM32F4xx_HAL_Driver\Src\stm32f4xx_hal.c 0x00000000   Number         0  stm32f4xx_hal.o ABSOLUTE
    ..\Drivers\STM32F4xx_HAL_Driver\Src\stm32f4xx_hal_can.c 0x00000000   Number         0  stm32f4xx_hal_can.o ABSOLUTE
    ..\Drivers\STM32F4xx_HAL_Driver\Src\stm32f4xx_hal_cortex.c 0x00000000   Number         0  stm32f4xx_hal_cortex.o ABSOLUTE
    ..\Drivers\STM32F4xx_HAL_Driver\Src\stm32f4xx_hal_dma.c 0x00000000   Number         0  stm32f4xx_hal_dma.o ABSOLUTE
    ..\Drivers\STM32F4xx_HAL_Driver\Src\stm32f4xx_hal_dma_ex.c 0x00000000   Number         0  stm32f4xx_hal_dma_ex.o ABSOLUTE
    ..\Drivers\STM32F4xx_HAL_Driver\Src\stm32f4xx_hal_flash.c 0x00000000   Number         0  stm32f4xx_hal_flash.o ABSOLUTE
    ..\Drivers\STM32F4xx_HAL_Driver\Src\stm32f4xx_hal_flash_ex.c 0x00000000   Number         0  stm32f4xx_hal_flash_ex.o ABSOLUTE
    ..\Drivers\STM32F4xx_HAL_Driver\Src\stm32f4xx_hal_flash_ramfunc.c 0x00000000   Number         0  stm32f4xx_hal_flash_ramfunc.o ABSOLUTE
    ..\Drivers\STM32F4xx_HAL_Driver\Src\stm32f4xx_hal_gpio.c 0x00000000   Number         0  stm32f4xx_hal_gpio.o ABSOLUTE
    ..\Drivers\STM32F4xx_HAL_Driver\Src\stm32f4xx_hal_pwr.c 0x00000000   Number         0  stm32f4xx_hal_pwr.o ABSOLUTE
    ..\Drivers\STM32F4xx_HAL_Driver\Src\stm32f4xx_hal_pwr_ex.c 0x00000000   Number         0  stm32f4xx_hal_pwr_ex.o ABSOLUTE
    ..\Drivers\STM32F4xx_HAL_Driver\Src\stm32f4xx_hal_rcc.c 0x00000000   Number         0  stm32f4xx_hal_rcc.o ABSOLUTE
    ..\Drivers\STM32F4xx_HAL_Driver\Src\stm32f4xx_hal_rcc_ex.c 0x00000000   Number         0  stm32f4xx_hal_rcc_ex.o ABSOLUTE
    ..\Drivers\STM32F4xx_HAL_Driver\Src\stm32f4xx_hal_tim.c 0x00000000   Number         0  stm32f4xx_hal_tim.o ABSOLUTE
    ..\Drivers\STM32F4xx_HAL_Driver\Src\stm32f4xx_hal_tim_ex.c 0x00000000   Number         0  stm32f4xx_hal_tim_ex.o ABSOLUTE
    ..\Drivers\STM32F4xx_HAL_Driver\Src\stm32f4xx_hal_uart.c 0x00000000   Number         0  stm32f4xx_hal_uart.o ABSOLUTE
    ..\Middlewares\Third_Party\FreeRTOS\Source\CMSIS_RTOS\cmsis_os.c 0x00000000   Number         0  cmsis_os.o ABSOLUTE
    ..\Middlewares\Third_Party\FreeRTOS\Source\portable\RVDS\ARM_CM4F\port.c 0x00000000   Number         0  port.o ABSOLUTE
    ..\Src\bsp\bsp_can.c                     0x00000000   Number         0  bsp_can.o ABSOLUTE
    ..\Src\bsp\bsp_uart.c                    0x00000000   Number         0  bsp_uart.o ABSOLUTE
    ..\Src\bsp\pid.c                         0x00000000   Number         0  pid.o ABSOLUTE
    ..\Src\can.c                             0x00000000   Number         0  can.o ABSOLUTE
    ..\Src\freertos.c                        0x00000000   Number         0  freertos.o ABSOLUTE
    ..\Src\gpio.c                            0x00000000   Number         0  gpio.o ABSOLUTE
    ..\Src\main.c                            0x00000000   Number         0  main.o ABSOLUTE
    ..\Src\stm32f4xx_hal_msp.c               0x00000000   Number         0  stm32f4xx_hal_msp.o ABSOLUTE
    ..\Src\stm32f4xx_hal_timebase_tim.c      0x00000000   Number         0  stm32f4xx_hal_timebase_tim.o ABSOLUTE
    ..\Src\stm32f4xx_it.c                    0x00000000   Number         0  stm32f4xx_it.o ABSOLUTE
    ..\Src\system_stm32f4xx.c                0x00000000   Number         0  system_stm32f4xx.o ABSOLUTE
    ..\Src\usart.c                           0x00000000   Number         0  usart.o ABSOLUTE
    ..\\Src\\bsp\\bsp_can.c                  0x00000000   Number         0  bsp_can.o ABSOLUTE
    ..\\Src\\bsp\\bsp_uart.c                 0x00000000   Number         0  bsp_uart.o ABSOLUTE
    ..\\Src\\bsp\\pid.c                      0x00000000   Number         0  pid.o ABSOLUTE
    dc.s                                     0x00000000   Number         0  dc.o ABSOLUTE
    handlers.s                               0x00000000   Number         0  handlers.o ABSOLUTE
    init.s                                   0x00000000   Number         0  init.o ABSOLUTE
    startup_stm32f427xx.s                    0x00000000   Number         0  startup_stm32f427xx.o ABSOLUTE
    RESET                                    0x08000000   Section      428  startup_stm32f427xx.o(RESET)
    .ARM.Collect$$$$00000000                 0x080001ac   Section        0  entry.o(.ARM.Collect$$$$00000000)
    .ARM.Collect$$$$00000001                 0x080001ac   Section        4  entry2.o(.ARM.Collect$$$$00000001)
    .ARM.Collect$$$$00000004                 0x080001b0   Section        4  entry5.o(.ARM.Collect$$$$00000004)
    .ARM.Collect$$$$00000008                 0x080001b4   Section        0  entry7b.o(.ARM.Collect$$$$00000008)
    .ARM.Collect$$$$0000000A                 0x080001b4   Section        0  entry8b.o(.ARM.Collect$$$$0000000A)
    .ARM.Collect$$$$0000000B                 0x080001b4   Section        8  entry9a.o(.ARM.Collect$$$$0000000B)
    .ARM.Collect$$$$0000000D                 0x080001bc   Section        0  entry10a.o(.ARM.Collect$$$$0000000D)
    .ARM.Collect$$$$0000000F                 0x080001bc   Section        0  entry11a.o(.ARM.Collect$$$$0000000F)
    .ARM.Collect$$$$00002712                 0x080001bc   Section        4  entry2.o(.ARM.Collect$$$$00002712)
    __lit__00000000                          0x080001bc   Data           4  entry2.o(.ARM.Collect$$$$00002712)
    .emb_text                                0x080001c0   Section      186  port.o(.emb_text)
    $v0                                      0x080001c0   Number         0  port.o(.emb_text)
    .text                                    0x0800027c   Section       36  startup_stm32f427xx.o(.text)
    $v0                                      0x0800027c   Number         0  startup_stm32f427xx.o(.text)
    .text                                    0x080002a0   Section        0  uldiv.o(.text)
    .text                                    0x08000302   Section        0  memcpya.o(.text)
    .text                                    0x08000326   Section        0  memseta.o(.text)
    .text                                    0x0800034a   Section        0  llshl.o(.text)
    .text                                    0x08000368   Section        0  llushr.o(.text)
    .text                                    0x08000388   Section       36  init.o(.text)
    i.BusFault_Handler                       0x080003ac   Section        0  stm32f4xx_it.o(i.BusFault_Handler)
    i.CAN1_RX0_IRQHandler                    0x080003b0   Section        0  stm32f4xx_it.o(i.CAN1_RX0_IRQHandler)
    i.CAN1_RX1_IRQHandler                    0x080003bc   Section        0  stm32f4xx_it.o(i.CAN1_RX1_IRQHandler)
    i.CAN2_RX0_IRQHandler                    0x080003c8   Section        0  stm32f4xx_it.o(i.CAN2_RX0_IRQHandler)
    i.CAN2_RX1_IRQHandler                    0x080003d4   Section        0  stm32f4xx_it.o(i.CAN2_RX1_IRQHandler)
    i.DebugMon_Handler                       0x080003e0   Section        0  stm32f4xx_it.o(i.DebugMon_Handler)
    i.Error_Handler                          0x080003e2   Section        0  main.o(i.Error_Handler)
    i.HAL_CAN_ActivateNotification           0x080003e4   Section        0  stm32f4xx_hal_can.o(i.HAL_CAN_ActivateNotification)
    i.HAL_CAN_AddTxMessage                   0x0800040c   Section        0  stm32f4xx_hal_can.o(i.HAL_CAN_AddTxMessage)
    i.HAL_CAN_ConfigFilter                   0x080004d4   Section        0  stm32f4xx_hal_can.o(i.HAL_CAN_ConfigFilter)
    i.HAL_CAN_ErrorCallback                  0x080005e0   Section        0  stm32f4xx_hal_can.o(i.HAL_CAN_ErrorCallback)
    i.HAL_CAN_GetRxMessage                   0x080005e2   Section        0  stm32f4xx_hal_can.o(i.HAL_CAN_GetRxMessage)
    i.HAL_CAN_IRQHandler                     0x080006dc   Section        0  stm32f4xx_hal_can.o(i.HAL_CAN_IRQHandler)
    i.HAL_CAN_Init                           0x080008d8   Section        0  stm32f4xx_hal_can.o(i.HAL_CAN_Init)
    i.HAL_CAN_MspInit                        0x080009f4   Section        0  can.o(i.HAL_CAN_MspInit)
    i.HAL_CAN_RxFifo0FullCallback            0x08000b10   Section        0  stm32f4xx_hal_can.o(i.HAL_CAN_RxFifo0FullCallback)
    i.HAL_CAN_RxFifo0MsgPendingCallback      0x08000b14   Section        0  bsp_can.o(i.HAL_CAN_RxFifo0MsgPendingCallback)
    i.HAL_CAN_RxFifo1FullCallback            0x08000b70   Section        0  stm32f4xx_hal_can.o(i.HAL_CAN_RxFifo1FullCallback)
    i.HAL_CAN_RxFifo1MsgPendingCallback      0x08000b72   Section        0  stm32f4xx_hal_can.o(i.HAL_CAN_RxFifo1MsgPendingCallback)
    i.HAL_CAN_SleepCallback                  0x08000b74   Section        0  stm32f4xx_hal_can.o(i.HAL_CAN_SleepCallback)
    i.HAL_CAN_Start                          0x08000b78   Section        0  stm32f4xx_hal_can.o(i.HAL_CAN_Start)
    i.HAL_CAN_TxMailbox0AbortCallback        0x08000bd0   Section        0  stm32f4xx_hal_can.o(i.HAL_CAN_TxMailbox0AbortCallback)
    i.HAL_CAN_TxMailbox0CompleteCallback     0x08000bd2   Section        0  stm32f4xx_hal_can.o(i.HAL_CAN_TxMailbox0CompleteCallback)
    i.HAL_CAN_TxMailbox1AbortCallback        0x08000bd4   Section        0  stm32f4xx_hal_can.o(i.HAL_CAN_TxMailbox1AbortCallback)
    i.HAL_CAN_TxMailbox1CompleteCallback     0x08000bd6   Section        0  stm32f4xx_hal_can.o(i.HAL_CAN_TxMailbox1CompleteCallback)
    i.HAL_CAN_TxMailbox2AbortCallback        0x08000bd8   Section        0  stm32f4xx_hal_can.o(i.HAL_CAN_TxMailbox2AbortCallback)
    i.HAL_CAN_TxMailbox2CompleteCallback     0x08000bda   Section        0  stm32f4xx_hal_can.o(i.HAL_CAN_TxMailbox2CompleteCallback)
    i.HAL_CAN_WakeUpFromRxMsgCallback        0x08000bdc   Section        0  stm32f4xx_hal_can.o(i.HAL_CAN_WakeUpFromRxMsgCallback)
    i.HAL_DMA_Abort_IT                       0x08000bde   Section        0  stm32f4xx_hal_dma.o(i.HAL_DMA_Abort_IT)
    i.HAL_GPIO_Init                          0x08000c04   Section        0  stm32f4xx_hal_gpio.o(i.HAL_GPIO_Init)
    i.HAL_GPIO_TogglePin                     0x08000dd0   Section        0  stm32f4xx_hal_gpio.o(i.HAL_GPIO_TogglePin)
    i.HAL_GPIO_WritePin                      0x08000dd8   Section        0  stm32f4xx_hal_gpio.o(i.HAL_GPIO_WritePin)
    i.HAL_GetTick                            0x08000de4   Section        0  stm32f4xx_hal.o(i.HAL_GetTick)
    i.HAL_IncTick                            0x08000df0   Section        0  stm32f4xx_hal.o(i.HAL_IncTick)
    i.HAL_Init                               0x08000e00   Section        0  stm32f4xx_hal.o(i.HAL_Init)
    i.HAL_InitTick                           0x08000e34   Section        0  stm32f4xx_hal_timebase_tim.o(i.HAL_InitTick)
    i.HAL_MspInit                            0x08000ea8   Section        0  stm32f4xx_hal_msp.o(i.HAL_MspInit)
    i.HAL_NVIC_EnableIRQ                     0x08000ee0   Section        0  stm32f4xx_hal_cortex.o(i.HAL_NVIC_EnableIRQ)
    i.HAL_NVIC_SetPriority                   0x08000ef8   Section        0  stm32f4xx_hal_cortex.o(i.HAL_NVIC_SetPriority)
    i.HAL_NVIC_SetPriorityGrouping           0x08000f38   Section        0  stm32f4xx_hal_cortex.o(i.HAL_NVIC_SetPriorityGrouping)
    i.HAL_PWREx_EnableOverDrive              0x08000f5c   Section        0  stm32f4xx_hal_pwr_ex.o(i.HAL_PWREx_EnableOverDrive)
    i.HAL_RCC_ClockConfig                    0x08000fcc   Section        0  stm32f4xx_hal_rcc.o(i.HAL_RCC_ClockConfig)
    i.HAL_RCC_GetClockConfig                 0x080010fc   Section        0  stm32f4xx_hal_rcc.o(i.HAL_RCC_GetClockConfig)
    i.HAL_RCC_GetPCLK1Freq                   0x0800113c   Section        0  stm32f4xx_hal_rcc.o(i.HAL_RCC_GetPCLK1Freq)
    i.HAL_RCC_GetPCLK2Freq                   0x0800115c   Section        0  stm32f4xx_hal_rcc.o(i.HAL_RCC_GetPCLK2Freq)
    i.HAL_RCC_GetSysClockFreq                0x0800117c   Section        0  stm32f4xx_hal_rcc.o(i.HAL_RCC_GetSysClockFreq)
    i.HAL_RCC_OscConfig                      0x080011e0   Section        0  stm32f4xx_hal_rcc.o(i.HAL_RCC_OscConfig)
    i.HAL_TIMEx_BreakCallback                0x080014fc   Section        0  stm32f4xx_hal_tim_ex.o(i.HAL_TIMEx_BreakCallback)
    i.HAL_TIMEx_CommutationCallback          0x080014fe   Section        0  stm32f4xx_hal_tim_ex.o(i.HAL_TIMEx_CommutationCallback)
    i.HAL_TIM_Base_Init                      0x08001500   Section        0  stm32f4xx_hal_tim.o(i.HAL_TIM_Base_Init)
    i.HAL_TIM_Base_MspInit                   0x08001536   Section        0  stm32f4xx_hal_tim.o(i.HAL_TIM_Base_MspInit)
    i.HAL_TIM_Base_Start_IT                  0x08001538   Section        0  stm32f4xx_hal_tim.o(i.HAL_TIM_Base_Start_IT)
    i.HAL_TIM_IC_CaptureCallback             0x08001550   Section        0  stm32f4xx_hal_tim.o(i.HAL_TIM_IC_CaptureCallback)
    i.HAL_TIM_IRQHandler                     0x08001552   Section        0  stm32f4xx_hal_tim.o(i.HAL_TIM_IRQHandler)
    i.HAL_TIM_OC_DelayElapsedCallback        0x080016b8   Section        0  stm32f4xx_hal_tim.o(i.HAL_TIM_OC_DelayElapsedCallback)
    i.HAL_TIM_PWM_PulseFinishedCallback      0x080016ba   Section        0  stm32f4xx_hal_tim.o(i.HAL_TIM_PWM_PulseFinishedCallback)
    i.HAL_TIM_PeriodElapsedCallback          0x080016bc   Section        0  main.o(i.HAL_TIM_PeriodElapsedCallback)
    i.HAL_TIM_TriggerCallback                0x080016d0   Section        0  stm32f4xx_hal_tim.o(i.HAL_TIM_TriggerCallback)
    i.HAL_UART_ErrorCallback                 0x080016d2   Section        0  stm32f4xx_hal_uart.o(i.HAL_UART_ErrorCallback)
    i.HAL_UART_IRQHandler                    0x080016d4   Section        0  stm32f4xx_hal_uart.o(i.HAL_UART_IRQHandler)
    i.HAL_UART_Init                          0x080017e4   Section        0  stm32f4xx_hal_uart.o(i.HAL_UART_Init)
    i.HAL_UART_MspInit                       0x08001848   Section        0  usart.o(i.HAL_UART_MspInit)
    i.HAL_UART_Receive_IT                    0x080018c0   Section        0  stm32f4xx_hal_uart.o(i.HAL_UART_Receive_IT)
    i.HAL_UART_RxCpltCallback                0x08001908   Section        0  stm32f4xx_hal_uart.o(i.HAL_UART_RxCpltCallback)
    i.HAL_UART_TxCpltCallback                0x0800190a   Section        0  stm32f4xx_hal_uart.o(i.HAL_UART_TxCpltCallback)
    i.HardFault_Handler                      0x0800190c   Section        0  stm32f4xx_it.o(i.HardFault_Handler)
    i.MX_CAN1_Init                           0x08001910   Section        0  can.o(i.MX_CAN1_Init)
    i.MX_CAN2_Init                           0x08001954   Section        0  can.o(i.MX_CAN2_Init)
    i.MX_FREERTOS_Init                       0x08001998   Section        0  freertos.o(i.MX_FREERTOS_Init)
    i.MX_GPIO_Init                           0x08001a18   Section        0  gpio.o(i.MX_GPIO_Init)
    i.MX_USART1_UART_Init                    0x08001ac0   Section        0  usart.o(i.MX_USART1_UART_Init)
    i.MemManage_Handler                      0x08001b04   Section        0  stm32f4xx_it.o(i.MemManage_Handler)
    i.NMI_Handler                            0x08001b06   Section        0  stm32f4xx_it.o(i.NMI_Handler)
    i.NVIC_SetPriority                       0x08001b08   Section        0  stm32f4xx_hal_cortex.o(i.NVIC_SetPriority)
    NVIC_SetPriority                         0x08001b09   Thumb Code    32  stm32f4xx_hal_cortex.o(i.NVIC_SetPriority)
    i.PID_struct_init                        0x08001b28   Section        0  pid.o(i.PID_struct_init)
    i.StartDefaultTask                       0x08001b40   Section        0  freertos.o(i.StartDefaultTask)
    i.SysTick_Handler                        0x08001b5c   Section        0  port.o(i.SysTick_Handler)
    i.SystemClock_Config                     0x08001b88   Section        0  main.o(i.SystemClock_Config)
    i.SystemInit                             0x08001c10   Section        0  system_stm32f4xx.o(i.SystemInit)
    i.TIM8_TRG_COM_TIM14_IRQHandler          0x08001c64   Section        0  stm32f4xx_it.o(i.TIM8_TRG_COM_TIM14_IRQHandler)
    i.TIM_Base_SetConfig                     0x08001c70   Section        0  stm32f4xx_hal_tim.o(i.TIM_Base_SetConfig)
    i.TaskGetInfoFun                         0x08001d30   Section        0  freertos.o(i.TaskGetInfoFun)
    i.TaskHolderFun                          0x08001d38   Section        0  freertos.o(i.TaskHolderFun)
    i.TaskMoveFun                            0x08001d40   Section        0  freertos.o(i.TaskMoveFun)
    i.TaskShotFun                            0x08001e24   Section        0  freertos.o(i.TaskShotFun)
    i.UART_DMAAbortOnError                   0x08001e2c   Section        0  stm32f4xx_hal_uart.o(i.UART_DMAAbortOnError)
    UART_DMAAbortOnError                     0x08001e2d   Thumb Code    16  stm32f4xx_hal_uart.o(i.UART_DMAAbortOnError)
    i.UART_EndRxTransfer                     0x08001e3c   Section        0  stm32f4xx_hal_uart.o(i.UART_EndRxTransfer)
    UART_EndRxTransfer                       0x08001e3d   Thumb Code    28  stm32f4xx_hal_uart.o(i.UART_EndRxTransfer)
    i.UART_Receive_IT                        0x08001e58   Section        0  stm32f4xx_hal_uart.o(i.UART_Receive_IT)
    UART_Receive_IT                          0x08001e59   Thumb Code   140  stm32f4xx_hal_uart.o(i.UART_Receive_IT)
    i.UART_SetConfig                         0x08001ee4   Section        0  stm32f4xx_hal_uart.o(i.UART_SetConfig)
    UART_SetConfig                           0x08001ee5   Thumb Code   676  stm32f4xx_hal_uart.o(i.UART_SetConfig)
    i.UART_Transmit_IT                       0x08002190   Section        0  stm32f4xx_hal_uart.o(i.UART_Transmit_IT)
    UART_Transmit_IT                         0x08002191   Thumb Code    98  stm32f4xx_hal_uart.o(i.UART_Transmit_IT)
    i.USART1_IRQHandler                      0x080021f4   Section        0  stm32f4xx_it.o(i.USART1_IRQHandler)
    i.UsageFault_Handler                     0x0800220c   Section        0  stm32f4xx_it.o(i.UsageFault_Handler)
    i.__scatterload_copy                     0x0800220e   Section       14  handlers.o(i.__scatterload_copy)
    i.__scatterload_null                     0x0800221c   Section        2  handlers.o(i.__scatterload_null)
    i.__scatterload_zeroinit                 0x0800221e   Section       14  handlers.o(i.__scatterload_zeroinit)
    i.abs_limit                              0x0800222c   Section        0  pid.o(i.abs_limit)
    i.cal_speed                              0x08002258   Section        0  bsp_uart.o(i.cal_speed)
    i.can_filter_init                        0x080022e8   Section        0  bsp_can.o(i.can_filter_init)
    i.dbus_uart_init                         0x08002344   Section        0  bsp_uart.o(i.dbus_uart_init)
    i.get_moto_measure                       0x0800236c   Section        0  bsp_can.o(i.get_moto_measure)
    i.get_moto_offset                        0x080023b6   Section        0  bsp_can.o(i.get_moto_offset)
    i.main                                   0x080023c0   Section        0  main.o(i.main)
    i.makeFreeRtosPriority                   0x080023fc   Section        0  cmsis_os.o(i.makeFreeRtosPriority)
    makeFreeRtosPriority                     0x080023fd   Thumb Code    12  cmsis_os.o(i.makeFreeRtosPriority)
    i.osDelay                                0x08002408   Section        0  cmsis_os.o(i.osDelay)
    i.osKernelStart                          0x08002416   Section        0  cmsis_os.o(i.osKernelStart)
    i.osThreadCreate                         0x08002420   Section        0  cmsis_os.o(i.osThreadCreate)
    i.pid_calc                               0x08002450   Section        0  pid.o(i.pid_calc)
    i.pid_param_init                         0x08002614   Section        0  pid.o(i.pid_param_init)
    pid_param_init                           0x08002615   Thumb Code    14  pid.o(i.pid_param_init)
    i.pid_reset                              0x08002622   Section        0  pid.o(i.pid_reset)
    pid_reset                                0x08002623   Thumb Code     6  pid.o(i.pid_reset)
    i.prvAddCurrentTaskToDelayedList         0x08002628   Section        0  tasks.o(i.prvAddCurrentTaskToDelayedList)
    prvAddCurrentTaskToDelayedList           0x08002629   Thumb Code   102  tasks.o(i.prvAddCurrentTaskToDelayedList)
    i.prvAddNewTaskToReadyList               0x08002698   Section        0  tasks.o(i.prvAddNewTaskToReadyList)
    prvAddNewTaskToReadyList                 0x08002699   Thumb Code   194  tasks.o(i.prvAddNewTaskToReadyList)
    i.prvCheckTasksWaitingTermination        0x08002768   Section        0  tasks.o(i.prvCheckTasksWaitingTermination)
    prvCheckTasksWaitingTermination          0x08002769   Thumb Code    70  tasks.o(i.prvCheckTasksWaitingTermination)
    i.prvDeleteTCB                           0x080027b8   Section        0  tasks.o(i.prvDeleteTCB)
    prvDeleteTCB                             0x080027b9   Thumb Code    20  tasks.o(i.prvDeleteTCB)
    i.prvHeapInit                            0x080027cc   Section        0  heap_4.o(i.prvHeapInit)
    prvHeapInit                              0x080027cd   Thumb Code    66  heap_4.o(i.prvHeapInit)
    i.prvIdleTask                            0x08002818   Section        0  tasks.o(i.prvIdleTask)
    prvIdleTask                              0x08002819   Thumb Code    30  tasks.o(i.prvIdleTask)
    i.prvInitialiseNewTask                   0x08002840   Section        0  tasks.o(i.prvInitialiseNewTask)
    prvInitialiseNewTask                     0x08002841   Thumb Code   142  tasks.o(i.prvInitialiseNewTask)
    i.prvInsertBlockIntoFreeList             0x080028d0   Section        0  heap_4.o(i.prvInsertBlockIntoFreeList)
    prvInsertBlockIntoFreeList               0x080028d1   Thumb Code    72  heap_4.o(i.prvInsertBlockIntoFreeList)
    i.prvResetNextTaskUnblockTime            0x0800291c   Section        0  tasks.o(i.prvResetNextTaskUnblockTime)
    prvResetNextTaskUnblockTime              0x0800291d   Thumb Code    26  tasks.o(i.prvResetNextTaskUnblockTime)
    i.prvTaskExitError                       0x0800293c   Section        0  port.o(i.prvTaskExitError)
    prvTaskExitError                         0x0800293d   Thumb Code    36  port.o(i.prvTaskExitError)
    i.pvPortMalloc                           0x08002964   Section        0  heap_4.o(i.pvPortMalloc)
    i.pxPortInitialiseStack                  0x08002a3c   Section        0  port.o(i.pxPortInitialiseStack)
    i.rc_callback_handler                    0x08002a68   Section        0  bsp_uart.o(i.rc_callback_handler)
    i.set_moto_current                       0x08002af8   Section        0  bsp_can.o(i.set_moto_current)
    i.uart_receive_handler                   0x08002b40   Section        0  bsp_uart.o(i.uart_receive_handler)
    i.uxListRemove                           0x08002b8c   Section        0  list.o(i.uxListRemove)
    i.vListInitialise                        0x08002bb0   Section        0  list.o(i.vListInitialise)
    i.vListInitialiseItem                    0x08002bc6   Section        0  list.o(i.vListInitialiseItem)
    i.vListInsert                            0x08002bcc   Section        0  list.o(i.vListInsert)
    i.vListInsertEnd                         0x08002bfc   Section        0  list.o(i.vListInsertEnd)
    i.vPortEnterCritical                     0x08002c14   Section        0  port.o(i.vPortEnterCritical)
    i.vPortExitCritical                      0x08002c54   Section        0  port.o(i.vPortExitCritical)
    i.vPortFree                              0x08002c7c   Section        0  heap_4.o(i.vPortFree)
    i.vPortSetupTimerInterrupt               0x08002cd8   Section        0  port.o(i.vPortSetupTimerInterrupt)
    i.vTaskDelay                             0x08002cf8   Section        0  tasks.o(i.vTaskDelay)
    i.vTaskStartScheduler                    0x08002d44   Section        0  tasks.o(i.vTaskStartScheduler)
    i.vTaskSuspendAll                        0x08002dac   Section        0  tasks.o(i.vTaskSuspendAll)
    i.vTaskSwitchContext                     0x08002dbc   Section        0  tasks.o(i.vTaskSwitchContext)
    i.xPortStartScheduler                    0x08002e18   Section        0  port.o(i.xPortStartScheduler)
    i.xTaskCreate                            0x08002ef8   Section        0  tasks.o(i.xTaskCreate)
    i.xTaskIncrementTick                     0x08002f50   Section        0  tasks.o(i.xTaskIncrementTick)
    i.xTaskResumeAll                         0x08003018   Section        0  tasks.o(i.xTaskResumeAll)
    .constdata                               0x080030dc   Section      100  freertos.o(.constdata)
    .constdata                               0x08003140   Section       16  system_stm32f4xx.o(.constdata)
    .constdata                               0x08003150   Section        8  system_stm32f4xx.o(.constdata)
    .conststring                             0x08003158   Section       57  freertos.o(.conststring)
    .data                                    0x20000000   Section       12  bsp_can.o(.data)
    .data                                    0x2000000c   Section        4  can.o(.data)
    HAL_RCC_CAN1_CLK_ENABLED                 0x2000000c   Data           4  can.o(.data)
    .data                                    0x20000010   Section       28  freertos.o(.data)
    .data                                    0x2000002c   Section       12  stm32f4xx_hal.o(.data)
    .data                                    0x20000038   Section        4  system_stm32f4xx.o(.data)
    .data                                    0x2000003c   Section       60  tasks.o(.data)
    uxDeletedTasksWaitingCleanUp             0x20000040   Data           4  tasks.o(.data)
    uxCurrentNumberOfTasks                   0x20000044   Data           4  tasks.o(.data)
    xTickCount                               0x20000048   Data           4  tasks.o(.data)
    uxTopReadyPriority                       0x2000004c   Data           4  tasks.o(.data)
    xSchedulerRunning                        0x20000050   Data           4  tasks.o(.data)
    uxPendedTicks                            0x20000054   Data           4  tasks.o(.data)
    xYieldPending                            0x20000058   Data           4  tasks.o(.data)
    xNumOfOverflows                          0x2000005c   Data           4  tasks.o(.data)
    uxTaskNumber                             0x20000060   Data           4  tasks.o(.data)
    xNextTaskUnblockTime                     0x20000064   Data           4  tasks.o(.data)
    xIdleTaskHandle                          0x20000068   Data           4  tasks.o(.data)
    uxSchedulerSuspended                     0x2000006c   Data           4  tasks.o(.data)
    pxDelayedTaskList                        0x20000070   Data           4  tasks.o(.data)
    pxOverflowDelayedTaskList                0x20000074   Data           4  tasks.o(.data)
    .data                                    0x20000078   Section       24  heap_4.o(.data)
    pxEnd                                    0x20000078   Data           4  heap_4.o(.data)
    xFreeBytesRemaining                      0x2000007c   Data           4  heap_4.o(.data)
    xMinimumEverFreeBytesRemaining           0x20000080   Data           4  heap_4.o(.data)
    xBlockAllocatedBit                       0x20000084   Data           4  heap_4.o(.data)
    xStart                                   0x20000088   Data           8  heap_4.o(.data)
    .data                                    0x20000090   Section       12  port.o(.data)
    ucMaxSysCallPriority                     0x20000090   Data           1  port.o(.data)
    uxCriticalNesting                        0x20000094   Data           4  port.o(.data)
    ulMaxPRIGROUPValue                       0x20000098   Data           4  port.o(.data)
    .bss                                     0x2000009c   Section      272  bsp_can.o(.bss)
    .bss                                     0x200001ac   Section       38  bsp_uart.o(.bss)
    .bss                                     0x200001d4   Section      432  pid.o(.bss)
    .bss                                     0x20000384   Section       80  can.o(.bss)
    .bss                                     0x200003d4   Section       64  usart.o(.bss)
    .bss                                     0x20000414   Section       60  stm32f4xx_hal_timebase_tim.o(.bss)
    .bss                                     0x20000450   Section      240  tasks.o(.bss)
    pxReadyTasksLists                        0x20000450   Data         140  tasks.o(.bss)
    xDelayedTaskList1                        0x200004dc   Data          20  tasks.o(.bss)
    xDelayedTaskList2                        0x200004f0   Data          20  tasks.o(.bss)
    xPendingReadyList                        0x20000504   Data          20  tasks.o(.bss)
    xTasksWaitingTermination                 0x20000518   Data          20  tasks.o(.bss)
    xSuspendedTaskList                       0x2000052c   Data          20  tasks.o(.bss)
    .bss                                     0x20000540   Section    15360  heap_4.o(.bss)
    ucHeap                                   0x20000540   Data       15360  heap_4.o(.bss)
    STACK                                    0x20004140   Section     1024  startup_stm32f427xx.o(STACK)

    Global Symbols

    Symbol Name                              Value     Ov Type        Size  Object(Section)

    BuildAttributes$$THM_ISAv4$E$P$D$K$B$S$7EM$VFPi3$EXTD16$VFPS$VFMA$PE$A:L22UL41UL21$X:L11$S22US41US21$IEEE1$IW$USESV6$~STKCKD$USESV7$~SHL$OSPACE$EBA8$MICROLIB$REQ8$PRES8$EABIv2 0x00000000   Number         0  anon$$obj.o ABSOLUTE
    __ARM_use_no_argv                        0x00000000   Number         0  main.o ABSOLUTE
    __cpp_initialize__aeabi_                  - Undefined Weak Reference
    __cxa_finalize                            - Undefined Weak Reference
    __decompress                              - Undefined Weak Reference
    _clock_init                               - Undefined Weak Reference
    _microlib_exit                            - Undefined Weak Reference
    __Vectors_Size                           0x000001ac   Number         0  startup_stm32f427xx.o ABSOLUTE
    __Vectors                                0x08000000   Data           4  startup_stm32f427xx.o(RESET)
    __Vectors_End                            0x080001ac   Data           0  startup_stm32f427xx.o(RESET)
    __main                                   0x080001ad   Thumb Code     0  entry.o(.ARM.Collect$$$$00000000)
    _main_stk                                0x080001ad   Thumb Code     0  entry2.o(.ARM.Collect$$$$00000001)
    _main_scatterload                        0x080001b1   Thumb Code     0  entry5.o(.ARM.Collect$$$$00000004)
    __main_after_scatterload                 0x080001b5   Thumb Code     0  entry5.o(.ARM.Collect$$$$00000004)
    _main_clock                              0x080001b5   Thumb Code     0  entry7b.o(.ARM.Collect$$$$00000008)
    _main_cpp_init                           0x080001b5   Thumb Code     0  entry8b.o(.ARM.Collect$$$$0000000A)
    _main_init                               0x080001b5   Thumb Code     0  entry9a.o(.ARM.Collect$$$$0000000B)
    __rt_final_cpp                           0x080001bd   Thumb Code     0  entry10a.o(.ARM.Collect$$$$0000000D)
    __rt_final_exit                          0x080001bd   Thumb Code     0  entry11a.o(.ARM.Collect$$$$0000000F)
    SVC_Handler                              0x080001c1   Thumb Code    28  port.o(.emb_text)
    __asm___6_port_c_39a90d8d__prvStartFirstTask 0x080001e1   Thumb Code    28  port.o(.emb_text)
    __asm___6_port_c_39a90d8d__prvEnableVFP  0x08000201   Thumb Code    16  port.o(.emb_text)
    PendSV_Handler                           0x08000215   Thumb Code    92  port.o(.emb_text)
    vPortGetIPSR                             0x08000275   Thumb Code     6  port.o(.emb_text)
    Reset_Handler                            0x0800027d   Thumb Code     8  startup_stm32f427xx.o(.text)
    ADC_IRQHandler                           0x08000297   Thumb Code     0  startup_stm32f427xx.o(.text)
    CAN1_SCE_IRQHandler                      0x08000297   Thumb Code     0  startup_stm32f427xx.o(.text)
    CAN1_TX_IRQHandler                       0x08000297   Thumb Code     0  startup_stm32f427xx.o(.text)
    CAN2_SCE_IRQHandler                      0x08000297   Thumb Code     0  startup_stm32f427xx.o(.text)
    CAN2_TX_IRQHandler                       0x08000297   Thumb Code     0  startup_stm32f427xx.o(.text)
    DCMI_IRQHandler                          0x08000297   Thumb Code     0  startup_stm32f427xx.o(.text)
    DMA1_Stream0_IRQHandler                  0x08000297   Thumb Code     0  startup_stm32f427xx.o(.text)
    DMA1_Stream1_IRQHandler                  0x08000297   Thumb Code     0  startup_stm32f427xx.o(.text)
    DMA1_Stream2_IRQHandler                  0x08000297   Thumb Code     0  startup_stm32f427xx.o(.text)
    DMA1_Stream3_IRQHandler                  0x08000297   Thumb Code     0  startup_stm32f427xx.o(.text)
    DMA1_Stream4_IRQHandler                  0x08000297   Thumb Code     0  startup_stm32f427xx.o(.text)
    DMA1_Stream5_IRQHandler                  0x08000297   Thumb Code     0  startup_stm32f427xx.o(.text)
    DMA1_Stream6_IRQHandler                  0x08000297   Thumb Code     0  startup_stm32f427xx.o(.text)
    DMA1_Stream7_IRQHandler                  0x08000297   Thumb Code     0  startup_stm32f427xx.o(.text)
    DMA2D_IRQHandler                         0x08000297   Thumb Code     0  startup_stm32f427xx.o(.text)
    DMA2_Stream0_IRQHandler                  0x08000297   Thumb Code     0  startup_stm32f427xx.o(.text)
    DMA2_Stream1_IRQHandler                  0x08000297   Thumb Code     0  startup_stm32f427xx.o(.text)
    DMA2_Stream2_IRQHandler                  0x08000297   Thumb Code     0  startup_stm32f427xx.o(.text)
    DMA2_Stream3_IRQHandler                  0x08000297   Thumb Code     0  startup_stm32f427xx.o(.text)
    DMA2_Stream4_IRQHandler                  0x08000297   Thumb Code     0  startup_stm32f427xx.o(.text)
    DMA2_Stream5_IRQHandler                  0x08000297   Thumb Code     0  startup_stm32f427xx.o(.text)
    DMA2_Stream6_IRQHandler                  0x08000297   Thumb Code     0  startup_stm32f427xx.o(.text)
    DMA2_Stream7_IRQHandler                  0x08000297   Thumb Code     0  startup_stm32f427xx.o(.text)
    ETH_IRQHandler                           0x08000297   Thumb Code     0  startup_stm32f427xx.o(.text)
    ETH_WKUP_IRQHandler                      0x08000297   Thumb Code     0  startup_stm32f427xx.o(.text)
    EXTI0_IRQHandler                         0x08000297   Thumb Code     0  startup_stm32f427xx.o(.text)
    EXTI15_10_IRQHandler                     0x08000297   Thumb Code     0  startup_stm32f427xx.o(.text)
    EXTI1_IRQHandler                         0x08000297   Thumb Code     0  startup_stm32f427xx.o(.text)
    EXTI2_IRQHandler                         0x08000297   Thumb Code     0  startup_stm32f427xx.o(.text)
    EXTI3_IRQHandler                         0x08000297   Thumb Code     0  startup_stm32f427xx.o(.text)
    EXTI4_IRQHandler                         0x08000297   Thumb Code     0  startup_stm32f427xx.o(.text)
    EXTI9_5_IRQHandler                       0x08000297   Thumb Code     0  startup_stm32f427xx.o(.text)
    FLASH_IRQHandler                         0x08000297   Thumb Code     0  startup_stm32f427xx.o(.text)
    FMC_IRQHandler                           0x08000297   Thumb Code     0  startup_stm32f427xx.o(.text)
    FPU_IRQHandler                           0x08000297   Thumb Code     0  startup_stm32f427xx.o(.text)
    HASH_RNG_IRQHandler                      0x08000297   Thumb Code     0  startup_stm32f427xx.o(.text)
    I2C1_ER_IRQHandler                       0x08000297   Thumb Code     0  startup_stm32f427xx.o(.text)
    I2C1_EV_IRQHandler                       0x08000297   Thumb Code     0  startup_stm32f427xx.o(.text)
    I2C2_ER_IRQHandler                       0x08000297   Thumb Code     0  startup_stm32f427xx.o(.text)
    I2C2_EV_IRQHandler                       0x08000297   Thumb Code     0  startup_stm32f427xx.o(.text)
    I2C3_ER_IRQHandler                       0x08000297   Thumb Code     0  startup_stm32f427xx.o(.text)
    I2C3_EV_IRQHandler                       0x08000297   Thumb Code     0  startup_stm32f427xx.o(.text)
    OTG_FS_IRQHandler                        0x08000297   Thumb Code     0  startup_stm32f427xx.o(.text)
    OTG_FS_WKUP_IRQHandler                   0x08000297   Thumb Code     0  startup_stm32f427xx.o(.text)
    OTG_HS_EP1_IN_IRQHandler                 0x08000297   Thumb Code     0  startup_stm32f427xx.o(.text)
    OTG_HS_EP1_OUT_IRQHandler                0x08000297   Thumb Code     0  startup_stm32f427xx.o(.text)
    OTG_HS_IRQHandler                        0x08000297   Thumb Code     0  startup_stm32f427xx.o(.text)
    OTG_HS_WKUP_IRQHandler                   0x08000297   Thumb Code     0  startup_stm32f427xx.o(.text)
    PVD_IRQHandler                           0x08000297   Thumb Code     0  startup_stm32f427xx.o(.text)
    RCC_IRQHandler                           0x08000297   Thumb Code     0  startup_stm32f427xx.o(.text)
    RTC_Alarm_IRQHandler                     0x08000297   Thumb Code     0  startup_stm32f427xx.o(.text)
    RTC_WKUP_IRQHandler                      0x08000297   Thumb Code     0  startup_stm32f427xx.o(.text)
    SAI1_IRQHandler                          0x08000297   Thumb Code     0  startup_stm32f427xx.o(.text)
    SDIO_IRQHandler                          0x08000297   Thumb Code     0  startup_stm32f427xx.o(.text)
    SPI1_IRQHandler                          0x08000297   Thumb Code     0  startup_stm32f427xx.o(.text)
    SPI2_IRQHandler                          0x08000297   Thumb Code     0  startup_stm32f427xx.o(.text)
    SPI3_IRQHandler                          0x08000297   Thumb Code     0  startup_stm32f427xx.o(.text)
    SPI4_IRQHandler                          0x08000297   Thumb Code     0  startup_stm32f427xx.o(.text)
    SPI5_IRQHandler                          0x08000297   Thumb Code     0  startup_stm32f427xx.o(.text)
    SPI6_IRQHandler                          0x08000297   Thumb Code     0  startup_stm32f427xx.o(.text)
    TAMP_STAMP_IRQHandler                    0x08000297   Thumb Code     0  startup_stm32f427xx.o(.text)
    TIM1_BRK_TIM9_IRQHandler                 0x08000297   Thumb Code     0  startup_stm32f427xx.o(.text)
    TIM1_CC_IRQHandler                       0x08000297   Thumb Code     0  startup_stm32f427xx.o(.text)
    TIM1_TRG_COM_TIM11_IRQHandler            0x08000297   Thumb Code     0  startup_stm32f427xx.o(.text)
    TIM1_UP_TIM10_IRQHandler                 0x08000297   Thumb Code     0  startup_stm32f427xx.o(.text)
    TIM2_IRQHandler                          0x08000297   Thumb Code     0  startup_stm32f427xx.o(.text)
    TIM3_IRQHandler                          0x08000297   Thumb Code     0  startup_stm32f427xx.o(.text)
    TIM4_IRQHandler                          0x08000297   Thumb Code     0  startup_stm32f427xx.o(.text)
    TIM5_IRQHandler                          0x08000297   Thumb Code     0  startup_stm32f427xx.o(.text)
    TIM6_DAC_IRQHandler                      0x08000297   Thumb Code     0  startup_stm32f427xx.o(.text)
    TIM7_IRQHandler                          0x08000297   Thumb Code     0  startup_stm32f427xx.o(.text)
    TIM8_BRK_TIM12_IRQHandler                0x08000297   Thumb Code     0  startup_stm32f427xx.o(.text)
    TIM8_CC_IRQHandler                       0x08000297   Thumb Code     0  startup_stm32f427xx.o(.text)
    TIM8_UP_TIM13_IRQHandler                 0x08000297   Thumb Code     0  startup_stm32f427xx.o(.text)
    UART4_IRQHandler                         0x08000297   Thumb Code     0  startup_stm32f427xx.o(.text)
    UART5_IRQHandler                         0x08000297   Thumb Code     0  startup_stm32f427xx.o(.text)
    UART7_IRQHandler                         0x08000297   Thumb Code     0  startup_stm32f427xx.o(.text)
    UART8_IRQHandler                         0x08000297   Thumb Code     0  startup_stm32f427xx.o(.text)
    USART2_IRQHandler                        0x08000297   Thumb Code     0  startup_stm32f427xx.o(.text)
    USART3_IRQHandler                        0x08000297   Thumb Code     0  startup_stm32f427xx.o(.text)
    USART6_IRQHandler                        0x08000297   Thumb Code     0  startup_stm32f427xx.o(.text)
    WWDG_IRQHandler                          0x08000297   Thumb Code     0  startup_stm32f427xx.o(.text)
    __aeabi_uldivmod                         0x080002a1   Thumb Code    98  uldiv.o(.text)
    __aeabi_memcpy                           0x08000303   Thumb Code    36  memcpya.o(.text)
    __aeabi_memcpy4                          0x08000303   Thumb Code     0  memcpya.o(.text)
    __aeabi_memcpy8                          0x08000303   Thumb Code     0  memcpya.o(.text)
    __aeabi_memset                           0x08000327   Thumb Code    14  memseta.o(.text)
    __aeabi_memset4                          0x08000327   Thumb Code     0  memseta.o(.text)
    __aeabi_memset8                          0x08000327   Thumb Code     0  memseta.o(.text)
    __aeabi_memclr                           0x08000335   Thumb Code     4  memseta.o(.text)
    __aeabi_memclr4                          0x08000335   Thumb Code     0  memseta.o(.text)
    __aeabi_memclr8                          0x08000335   Thumb Code     0  memseta.o(.text)
    _memset$wrapper                          0x08000339   Thumb Code    18  memseta.o(.text)
    __aeabi_llsl                             0x0800034b   Thumb Code    30  llshl.o(.text)
    _ll_shift_l                              0x0800034b   Thumb Code     0  llshl.o(.text)
    __aeabi_llsr                             0x08000369   Thumb Code    32  llushr.o(.text)
    _ll_ushift_r                             0x08000369   Thumb Code     0  llushr.o(.text)
    __scatterload                            0x08000389   Thumb Code    28  init.o(.text)
    __scatterload_rt2                        0x08000389   Thumb Code     0  init.o(.text)
    BusFault_Handler                         0x080003ad   Thumb Code     2  stm32f4xx_it.o(i.BusFault_Handler)
    CAN1_RX0_IRQHandler                      0x080003b1   Thumb Code     6  stm32f4xx_it.o(i.CAN1_RX0_IRQHandler)
    CAN1_RX1_IRQHandler                      0x080003bd   Thumb Code     6  stm32f4xx_it.o(i.CAN1_RX1_IRQHandler)
    CAN2_RX0_IRQHandler                      0x080003c9   Thumb Code     6  stm32f4xx_it.o(i.CAN2_RX0_IRQHandler)
    CAN2_RX1_IRQHandler                      0x080003d5   Thumb Code     6  stm32f4xx_it.o(i.CAN2_RX1_IRQHandler)
    DebugMon_Handler                         0x080003e1   Thumb Code     2  stm32f4xx_it.o(i.DebugMon_Handler)
    Error_Handler                            0x080003e3   Thumb Code     2  main.o(i.Error_Handler)
    HAL_CAN_ActivateNotification             0x080003e5   Thumb Code    40  stm32f4xx_hal_can.o(i.HAL_CAN_ActivateNotification)
    HAL_CAN_AddTxMessage                     0x0800040d   Thumb Code   200  stm32f4xx_hal_can.o(i.HAL_CAN_AddTxMessage)
    HAL_CAN_ConfigFilter                     0x080004d5   Thumb Code   262  stm32f4xx_hal_can.o(i.HAL_CAN_ConfigFilter)
    HAL_CAN_ErrorCallback                    0x080005e1   Thumb Code     2  stm32f4xx_hal_can.o(i.HAL_CAN_ErrorCallback)
    HAL_CAN_GetRxMessage                     0x080005e3   Thumb Code   250  stm32f4xx_hal_can.o(i.HAL_CAN_GetRxMessage)
    HAL_CAN_IRQHandler                       0x080006dd   Thumb Code   508  stm32f4xx_hal_can.o(i.HAL_CAN_IRQHandler)
    HAL_CAN_Init                             0x080008d9   Thumb Code   282  stm32f4xx_hal_can.o(i.HAL_CAN_Init)
    HAL_CAN_MspInit                          0x080009f5   Thumb Code   260  can.o(i.HAL_CAN_MspInit)
    HAL_CAN_RxFifo0FullCallback              0x08000b11   Thumb Code     2  stm32f4xx_hal_can.o(i.HAL_CAN_RxFifo0FullCallback)
    HAL_CAN_RxFifo0MsgPendingCallback        0x08000b15   Thumb Code    86  bsp_can.o(i.HAL_CAN_RxFifo0MsgPendingCallback)
    HAL_CAN_RxFifo1FullCallback              0x08000b71   Thumb Code     2  stm32f4xx_hal_can.o(i.HAL_CAN_RxFifo1FullCallback)
    HAL_CAN_RxFifo1MsgPendingCallback        0x08000b73   Thumb Code     2  stm32f4xx_hal_can.o(i.HAL_CAN_RxFifo1MsgPendingCallback)
    HAL_CAN_SleepCallback                    0x08000b75   Thumb Code     2  stm32f4xx_hal_can.o(i.HAL_CAN_SleepCallback)
    HAL_CAN_Start                            0x08000b79   Thumb Code    88  stm32f4xx_hal_can.o(i.HAL_CAN_Start)
    HAL_CAN_TxMailbox0AbortCallback          0x08000bd1   Thumb Code     2  stm32f4xx_hal_can.o(i.HAL_CAN_TxMailbox0AbortCallback)
    HAL_CAN_TxMailbox0CompleteCallback       0x08000bd3   Thumb Code     2  stm32f4xx_hal_can.o(i.HAL_CAN_TxMailbox0CompleteCallback)
    HAL_CAN_TxMailbox1AbortCallback          0x08000bd5   Thumb Code     2  stm32f4xx_hal_can.o(i.HAL_CAN_TxMailbox1AbortCallback)
    HAL_CAN_TxMailbox1CompleteCallback       0x08000bd7   Thumb Code     2  stm32f4xx_hal_can.o(i.HAL_CAN_TxMailbox1CompleteCallback)
    HAL_CAN_TxMailbox2AbortCallback          0x08000bd9   Thumb Code     2  stm32f4xx_hal_can.o(i.HAL_CAN_TxMailbox2AbortCallback)
    HAL_CAN_TxMailbox2CompleteCallback       0x08000bdb   Thumb Code     2  stm32f4xx_hal_can.o(i.HAL_CAN_TxMailbox2CompleteCallback)
    HAL_CAN_WakeUpFromRxMsgCallback          0x08000bdd   Thumb Code     2  stm32f4xx_hal_can.o(i.HAL_CAN_WakeUpFromRxMsgCallback)
    HAL_DMA_Abort_IT                         0x08000bdf   Thumb Code    36  stm32f4xx_hal_dma.o(i.HAL_DMA_Abort_IT)
    HAL_GPIO_Init                            0x08000c05   Thumb Code   408  stm32f4xx_hal_gpio.o(i.HAL_GPIO_Init)
    HAL_GPIO_TogglePin                       0x08000dd1   Thumb Code     8  stm32f4xx_hal_gpio.o(i.HAL_GPIO_TogglePin)
    HAL_GPIO_WritePin                        0x08000dd9   Thumb Code    10  stm32f4xx_hal_gpio.o(i.HAL_GPIO_WritePin)
    HAL_GetTick                              0x08000de5   Thumb Code     6  stm32f4xx_hal.o(i.HAL_GetTick)
    HAL_IncTick                              0x08000df1   Thumb Code    12  stm32f4xx_hal.o(i.HAL_IncTick)
    HAL_Init                                 0x08000e01   Thumb Code    48  stm32f4xx_hal.o(i.HAL_Init)
    HAL_InitTick                             0x08000e35   Thumb Code   100  stm32f4xx_hal_timebase_tim.o(i.HAL_InitTick)
    HAL_MspInit                              0x08000ea9   Thumb Code    52  stm32f4xx_hal_msp.o(i.HAL_MspInit)
    HAL_NVIC_EnableIRQ                       0x08000ee1   Thumb Code    22  stm32f4xx_hal_cortex.o(i.HAL_NVIC_EnableIRQ)
    HAL_NVIC_SetPriority                     0x08000ef9   Thumb Code    60  stm32f4xx_hal_cortex.o(i.HAL_NVIC_SetPriority)
    HAL_NVIC_SetPriorityGrouping             0x08000f39   Thumb Code    26  stm32f4xx_hal_cortex.o(i.HAL_NVIC_SetPriorityGrouping)
    HAL_PWREx_EnableOverDrive                0x08000f5d   Thumb Code    98  stm32f4xx_hal_pwr_ex.o(i.HAL_PWREx_EnableOverDrive)
    HAL_RCC_ClockConfig                      0x08000fcd   Thumb Code   286  stm32f4xx_hal_rcc.o(i.HAL_RCC_ClockConfig)
    HAL_RCC_GetClockConfig                   0x080010fd   Thumb Code    54  stm32f4xx_hal_rcc.o(i.HAL_RCC_GetClockConfig)
    HAL_RCC_GetPCLK1Freq                     0x0800113d   Thumb Code    20  stm32f4xx_hal_rcc.o(i.HAL_RCC_GetPCLK1Freq)
    HAL_RCC_GetPCLK2Freq                     0x0800115d   Thumb Code    20  stm32f4xx_hal_rcc.o(i.HAL_RCC_GetPCLK2Freq)
    HAL_RCC_GetSysClockFreq                  0x0800117d   Thumb Code    88  stm32f4xx_hal_rcc.o(i.HAL_RCC_GetSysClockFreq)
    HAL_RCC_OscConfig                        0x080011e1   Thumb Code   770  stm32f4xx_hal_rcc.o(i.HAL_RCC_OscConfig)
    HAL_TIMEx_BreakCallback                  0x080014fd   Thumb Code     2  stm32f4xx_hal_tim_ex.o(i.HAL_TIMEx_BreakCallback)
    HAL_TIMEx_CommutationCallback            0x080014ff   Thumb Code     2  stm32f4xx_hal_tim_ex.o(i.HAL_TIMEx_CommutationCallback)
    HAL_TIM_Base_Init                        0x08001501   Thumb Code    54  stm32f4xx_hal_tim.o(i.HAL_TIM_Base_Init)
    HAL_TIM_Base_MspInit                     0x08001537   Thumb Code     2  stm32f4xx_hal_tim.o(i.HAL_TIM_Base_MspInit)
    HAL_TIM_Base_Start_IT                    0x08001539   Thumb Code    24  stm32f4xx_hal_tim.o(i.HAL_TIM_Base_Start_IT)
    HAL_TIM_IC_CaptureCallback               0x08001551   Thumb Code     2  stm32f4xx_hal_tim.o(i.HAL_TIM_IC_CaptureCallback)
    HAL_TIM_IRQHandler                       0x08001553   Thumb Code   358  stm32f4xx_hal_tim.o(i.HAL_TIM_IRQHandler)
    HAL_TIM_OC_DelayElapsedCallback          0x080016b9   Thumb Code     2  stm32f4xx_hal_tim.o(i.HAL_TIM_OC_DelayElapsedCallback)
    HAL_TIM_PWM_PulseFinishedCallback        0x080016bb   Thumb Code     2  stm32f4xx_hal_tim.o(i.HAL_TIM_PWM_PulseFinishedCallback)
    HAL_TIM_PeriodElapsedCallback            0x080016bd   Thumb Code    14  main.o(i.HAL_TIM_PeriodElapsedCallback)
    HAL_TIM_TriggerCallback                  0x080016d1   Thumb Code     2  stm32f4xx_hal_tim.o(i.HAL_TIM_TriggerCallback)
    HAL_UART_ErrorCallback                   0x080016d3   Thumb Code     2  stm32f4xx_hal_uart.o(i.HAL_UART_ErrorCallback)
    HAL_UART_IRQHandler                      0x080016d5   Thumb Code   266  stm32f4xx_hal_uart.o(i.HAL_UART_IRQHandler)
    HAL_UART_Init                            0x080017e5   Thumb Code    98  stm32f4xx_hal_uart.o(i.HAL_UART_Init)
    HAL_UART_MspInit                         0x08001849   Thumb Code   108  usart.o(i.HAL_UART_MspInit)
    HAL_UART_Receive_IT                      0x080018c1   Thumb Code    72  stm32f4xx_hal_uart.o(i.HAL_UART_Receive_IT)
    HAL_UART_RxCpltCallback                  0x08001909   Thumb Code     2  stm32f4xx_hal_uart.o(i.HAL_UART_RxCpltCallback)
    HAL_UART_TxCpltCallback                  0x0800190b   Thumb Code     2  stm32f4xx_hal_uart.o(i.HAL_UART_TxCpltCallback)
    HardFault_Handler                        0x0800190d   Thumb Code     2  stm32f4xx_it.o(i.HardFault_Handler)
    MX_CAN1_Init                             0x08001911   Thumb Code    58  can.o(i.MX_CAN1_Init)
    MX_CAN2_Init                             0x08001955   Thumb Code    60  can.o(i.MX_CAN2_Init)
    MX_FREERTOS_Init                         0x08001999   Thumb Code   118  freertos.o(i.MX_FREERTOS_Init)
    MX_GPIO_Init                             0x08001a19   Thumb Code   154  gpio.o(i.MX_GPIO_Init)
    MX_USART1_UART_Init                      0x08001ac1   Thumb Code    54  usart.o(i.MX_USART1_UART_Init)
    MemManage_Handler                        0x08001b05   Thumb Code     2  stm32f4xx_it.o(i.MemManage_Handler)
    NMI_Handler                              0x08001b07   Thumb Code     2  stm32f4xx_it.o(i.NMI_Handler)
    PID_struct_init                          0x08001b29   Thumb Code    16  pid.o(i.PID_struct_init)
    StartDefaultTask                         0x08001b41   Thumb Code    22  freertos.o(i.StartDefaultTask)
    SysTick_Handler                          0x08001b5d   Thumb Code    38  port.o(i.SysTick_Handler)
    SystemClock_Config                       0x08001b89   Thumb Code   128  main.o(i.SystemClock_Config)
    SystemInit                               0x08001c11   Thumb Code    66  system_stm32f4xx.o(i.SystemInit)
    TIM8_TRG_COM_TIM14_IRQHandler            0x08001c65   Thumb Code     6  stm32f4xx_it.o(i.TIM8_TRG_COM_TIM14_IRQHandler)
    TIM_Base_SetConfig                       0x08001c71   Thumb Code   148  stm32f4xx_hal_tim.o(i.TIM_Base_SetConfig)
    TaskGetInfoFun                           0x08001d31   Thumb Code     8  freertos.o(i.TaskGetInfoFun)
    TaskHolderFun                            0x08001d39   Thumb Code     8  freertos.o(i.TaskHolderFun)
    TaskMoveFun                              0x08001d41   Thumb Code   202  freertos.o(i.TaskMoveFun)
    TaskShotFun                              0x08001e25   Thumb Code     8  freertos.o(i.TaskShotFun)
    USART1_IRQHandler                        0x080021f5   Thumb Code    18  stm32f4xx_it.o(i.USART1_IRQHandler)
    UsageFault_Handler                       0x0800220d   Thumb Code     2  stm32f4xx_it.o(i.UsageFault_Handler)
    __scatterload_copy                       0x0800220f   Thumb Code    14  handlers.o(i.__scatterload_copy)
    __scatterload_null                       0x0800221d   Thumb Code     2  handlers.o(i.__scatterload_null)
    __scatterload_zeroinit                   0x0800221f   Thumb Code    14  handlers.o(i.__scatterload_zeroinit)
    abs_limit                                0x0800222d   Thumb Code    42  pid.o(i.abs_limit)
    cal_speed                                0x08002259   Thumb Code   134  bsp_uart.o(i.cal_speed)
    can_filter_init                          0x080022e9   Thumb Code    86  bsp_can.o(i.can_filter_init)
    dbus_uart_init                           0x08002345   Thumb Code    32  bsp_uart.o(i.dbus_uart_init)
    get_moto_measure                         0x0800236d   Thumb Code    74  bsp_can.o(i.get_moto_measure)
    get_moto_offset                          0x080023b7   Thumb Code    10  bsp_can.o(i.get_moto_offset)
    main                                     0x080023c1   Thumb Code    50  main.o(i.main)
    osDelay                                  0x08002409   Thumb Code    14  cmsis_os.o(i.osDelay)
    osKernelStart                            0x08002417   Thumb Code    10  cmsis_os.o(i.osKernelStart)
    osThreadCreate                           0x08002421   Thumb Code    46  cmsis_os.o(i.osThreadCreate)
    pid_calc                                 0x08002451   Thumb Code   448  pid.o(i.pid_calc)
    pvPortMalloc                             0x08002965   Thumb Code   210  heap_4.o(i.pvPortMalloc)
    pxPortInitialiseStack                    0x08002a3d   Thumb Code    40  port.o(i.pxPortInitialiseStack)
    rc_callback_handler                      0x08002a69   Thumb Code   138  bsp_uart.o(i.rc_callback_handler)
    set_moto_current                         0x08002af9   Thumb Code    64  bsp_can.o(i.set_moto_current)
    uart_receive_handler                     0x08002b41   Thumb Code    68  bsp_uart.o(i.uart_receive_handler)
    uxListRemove                             0x08002b8d   Thumb Code    36  list.o(i.uxListRemove)
    vListInitialise                          0x08002bb1   Thumb Code    22  list.o(i.vListInitialise)
    vListInitialiseItem                      0x08002bc7   Thumb Code     6  list.o(i.vListInitialiseItem)
    vListInsert                              0x08002bcd   Thumb Code    48  list.o(i.vListInsert)
    vListInsertEnd                           0x08002bfd   Thumb Code    24  list.o(i.vListInsertEnd)
    vPortEnterCritical                       0x08002c15   Thumb Code    54  port.o(i.vPortEnterCritical)
    vPortExitCritical                        0x08002c55   Thumb Code    34  port.o(i.vPortExitCritical)
    vPortFree                                0x08002c7d   Thumb Code    88  heap_4.o(i.vPortFree)
    vPortSetupTimerInterrupt                 0x08002cd9   Thumb Code    26  port.o(i.vPortSetupTimerInterrupt)
    vTaskDelay                               0x08002cf9   Thumb Code    66  tasks.o(i.vTaskDelay)
    vTaskStartScheduler                      0x08002d45   Thumb Code    86  tasks.o(i.vTaskStartScheduler)
    vTaskSuspendAll                          0x08002dad   Thumb Code    10  tasks.o(i.vTaskSuspendAll)
    vTaskSwitchContext                       0x08002dbd   Thumb Code    82  tasks.o(i.vTaskSwitchContext)
    xPortStartScheduler                      0x08002e19   Thumb Code   202  port.o(i.xPortStartScheduler)
    xTaskCreate                              0x08002ef9   Thumb Code    86  tasks.o(i.xTaskCreate)
    xTaskIncrementTick                       0x08002f51   Thumb Code   192  tasks.o(i.xTaskIncrementTick)
    xTaskResumeAll                           0x08003019   Thumb Code   182  tasks.o(i.xTaskResumeAll)
    AHBPrescTable                            0x08003140   Data          16  system_stm32f4xx.o(.constdata)
    APBPrescTable                            0x08003150   Data           8  system_stm32f4xx.o(.constdata)
    Region$$Table$$Base                      0x08003194   Number         0  anon$$obj.o(Region$$Table)
    Region$$Table$$Limit                     0x080031b4   Number         0  anon$$obj.o(Region$$Table)
    WhichMailBox                             0x20000000   Data           4  bsp_can.o(.data)
    CanSendBuff                              0x20000004   Data           8  bsp_can.o(.data)
    StartTaskHandle                          0x20000010   Data           4  freertos.o(.data)
    TaskMoveHandle                           0x20000014   Data           4  freertos.o(.data)
    TaskHolderHandle                         0x20000018   Data           4  freertos.o(.data)
    TaskShotHandle                           0x2000001c   Data           4  freertos.o(.data)
    TaskGetInfoHandle                        0x20000020   Data           4  freertos.o(.data)
    set_spd                                  0x20000024   Data           8  freertos.o(.data)
    uwTickFreq                               0x2000002c   Data           1  stm32f4xx_hal.o(.data)
    uwTickPrio                               0x20000030   Data           4  stm32f4xx_hal.o(.data)
    uwTick                                   0x20000034   Data           4  stm32f4xx_hal.o(.data)
    SystemCoreClock                          0x20000038   Data           4  system_stm32f4xx.o(.data)
    pxCurrentTCB                             0x2000003c   Data           4  tasks.o(.data)
    moto_chassis                             0x2000009c   Data         224  bsp_can.o(.bss)
    RxData                                   0x2000017c   Data          22  bsp_can.o(.bss)
    CAN1_TxHeader                            0x20000194   Data          24  bsp_can.o(.bss)
    dbus_buf                                 0x200001ac   Data          18  bsp_uart.o(.bss)
    RC_DATE                                  0x200001be   Data          20  bsp_uart.o(.bss)
    pid_spd                                  0x200001d4   Data         432  pid.o(.bss)
    hcan1                                    0x20000384   Data          40  can.o(.bss)
    hcan2                                    0x200003ac   Data          40  can.o(.bss)
    huart1                                   0x200003d4   Data          64  usart.o(.bss)
    htim14                                   0x20000414   Data          60  stm32f4xx_hal_timebase_tim.o(.bss)
    __initial_sp                             0x20004540   Data           0  startup_stm32f427xx.o(STACK)



==============================================================================

Memory Map of the image

  Image Entry point : 0x080001ad

  Load Region LR_IROM1 (Base: 0x08000000, Size: 0x00003250, Max: 0x00200000, ABSOLUTE)

    Execution Region ER_IROM1 (Exec base: 0x08000000, Load base: 0x08000000, Size: 0x000031b4, Max: 0x00200000, ABSOLUTE)

    Exec Addr    Load Addr    Size         Type   Attr      Idx    E Section Name        Object

    0x08000000   0x08000000   0x000001ac   Data   RO            3    RESET               startup_stm32f427xx.o
    0x080001ac   0x080001ac   0x00000000   Code   RO         4416  * .ARM.Collect$$$$00000000  mc_w.l(entry.o)
    0x080001ac   0x080001ac   0x00000004   Code   RO         4427    .ARM.Collect$$$$00000001  mc_w.l(entry2.o)
    0x080001b0   0x080001b0   0x00000004   Code   RO         4430    .ARM.Collect$$$$00000004  mc_w.l(entry5.o)
    0x080001b4   0x080001b4   0x00000000   Code   RO         4432    .ARM.Collect$$$$00000008  mc_w.l(entry7b.o)
    0x080001b4   0x080001b4   0x00000000   Code   RO         4434    .ARM.Collect$$$$0000000A  mc_w.l(entry8b.o)
    0x080001b4   0x080001b4   0x00000008   Code   RO         4435    .ARM.Collect$$$$0000000B  mc_w.l(entry9a.o)
    0x080001bc   0x080001bc   0x00000000   Code   RO         4437    .ARM.Collect$$$$0000000D  mc_w.l(entry10a.o)
    0x080001bc   0x080001bc   0x00000000   Code   RO         4439    .ARM.Collect$$$$0000000F  mc_w.l(entry11a.o)
    0x080001bc   0x080001bc   0x00000004   Code   RO         4428    .ARM.Collect$$$$00002712  mc_w.l(entry2.o)
    0x080001c0   0x080001c0   0x000000ba   Code   RO         4339    .emb_text           port.o
    0x0800027a   0x0800027a   0x00000002   PAD
    0x0800027c   0x0800027c   0x00000024   Code   RO            4    .text               startup_stm32f427xx.o
    0x080002a0   0x080002a0   0x00000062   Code   RO         4419    .text               mc_w.l(uldiv.o)
    0x08000302   0x08000302   0x00000024   Code   RO         4421    .text               mc_w.l(memcpya.o)
    0x08000326   0x08000326   0x00000024   Code   RO         4423    .text               mc_w.l(memseta.o)
    0x0800034a   0x0800034a   0x0000001e   Code   RO         4441    .text               mc_w.l(llshl.o)
    0x08000368   0x08000368   0x00000020   Code   RO         4443    .text               mc_w.l(llushr.o)
    0x08000388   0x08000388   0x00000024   Code   RO         4445    .text               mc_w.l(init.o)
    0x080003ac   0x080003ac   0x00000002   Code   RO          595    i.BusFault_Handler  stm32f4xx_it.o
    0x080003ae   0x080003ae   0x00000002   PAD
    0x080003b0   0x080003b0   0x0000000c   Code   RO          596    i.CAN1_RX0_IRQHandler  stm32f4xx_it.o
    0x080003bc   0x080003bc   0x0000000c   Code   RO          597    i.CAN1_RX1_IRQHandler  stm32f4xx_it.o
    0x080003c8   0x080003c8   0x0000000c   Code   RO          598    i.CAN2_RX0_IRQHandler  stm32f4xx_it.o
    0x080003d4   0x080003d4   0x0000000c   Code   RO          599    i.CAN2_RX1_IRQHandler  stm32f4xx_it.o
    0x080003e0   0x080003e0   0x00000002   Code   RO          600    i.DebugMon_Handler  stm32f4xx_it.o
    0x080003e2   0x080003e2   0x00000002   Code   RO          301    i.Error_Handler     main.o
    0x080003e4   0x080003e4   0x00000028   Code   RO          753    i.HAL_CAN_ActivateNotification  stm32f4xx_hal_can.o
    0x0800040c   0x0800040c   0x000000c8   Code   RO          754    i.HAL_CAN_AddTxMessage  stm32f4xx_hal_can.o
    0x080004d4   0x080004d4   0x0000010c   Code   RO          755    i.HAL_CAN_ConfigFilter  stm32f4xx_hal_can.o
    0x080005e0   0x080005e0   0x00000002   Code   RO          758    i.HAL_CAN_ErrorCallback  stm32f4xx_hal_can.o
    0x080005e2   0x080005e2   0x000000fa   Code   RO          761    i.HAL_CAN_GetRxMessage  stm32f4xx_hal_can.o
    0x080006dc   0x080006dc   0x000001fc   Code   RO          765    i.HAL_CAN_IRQHandler  stm32f4xx_hal_can.o
    0x080008d8   0x080008d8   0x0000011a   Code   RO          766    i.HAL_CAN_Init      stm32f4xx_hal_can.o
    0x080009f2   0x080009f2   0x00000002   PAD
    0x080009f4   0x080009f4   0x0000011c   Code   RO          424    i.HAL_CAN_MspInit   can.o
    0x08000b10   0x08000b10   0x00000002   Code   RO          773    i.HAL_CAN_RxFifo0FullCallback  stm32f4xx_hal_can.o
    0x08000b12   0x08000b12   0x00000002   PAD
    0x08000b14   0x08000b14   0x0000005c   Code   RO           13    i.HAL_CAN_RxFifo0MsgPendingCallback  bsp_can.o
    0x08000b70   0x08000b70   0x00000002   Code   RO          775    i.HAL_CAN_RxFifo1FullCallback  stm32f4xx_hal_can.o
    0x08000b72   0x08000b72   0x00000002   Code   RO          776    i.HAL_CAN_RxFifo1MsgPendingCallback  stm32f4xx_hal_can.o
    0x08000b74   0x08000b74   0x00000002   Code   RO          777    i.HAL_CAN_SleepCallback  stm32f4xx_hal_can.o
    0x08000b76   0x08000b76   0x00000002   PAD
    0x08000b78   0x08000b78   0x00000058   Code   RO          778    i.HAL_CAN_Start     stm32f4xx_hal_can.o
    0x08000bd0   0x08000bd0   0x00000002   Code   RO          780    i.HAL_CAN_TxMailbox0AbortCallback  stm32f4xx_hal_can.o
    0x08000bd2   0x08000bd2   0x00000002   Code   RO          781    i.HAL_CAN_TxMailbox0CompleteCallback  stm32f4xx_hal_can.o
    0x08000bd4   0x08000bd4   0x00000002   Code   RO          782    i.HAL_CAN_TxMailbox1AbortCallback  stm32f4xx_hal_can.o
    0x08000bd6   0x08000bd6   0x00000002   Code   RO          783    i.HAL_CAN_TxMailbox1CompleteCallback  stm32f4xx_hal_can.o
    0x08000bd8   0x08000bd8   0x00000002   Code   RO          784    i.HAL_CAN_TxMailbox2AbortCallback  stm32f4xx_hal_can.o
    0x08000bda   0x08000bda   0x00000002   Code   RO          785    i.HAL_CAN_TxMailbox2CompleteCallback  stm32f4xx_hal_can.o
    0x08000bdc   0x08000bdc   0x00000002   Code   RO          787    i.HAL_CAN_WakeUpFromRxMsgCallback  stm32f4xx_hal_can.o
    0x08000bde   0x08000bde   0x00000024   Code   RO         2697    i.HAL_DMA_Abort_IT  stm32f4xx_hal_dma.o
    0x08000c02   0x08000c02   0x00000002   PAD
    0x08000c04   0x08000c04   0x000001cc   Code   RO         2589    i.HAL_GPIO_Init     stm32f4xx_hal_gpio.o
    0x08000dd0   0x08000dd0   0x00000008   Code   RO         2592    i.HAL_GPIO_TogglePin  stm32f4xx_hal_gpio.o
    0x08000dd8   0x08000dd8   0x0000000a   Code   RO         2593    i.HAL_GPIO_WritePin  stm32f4xx_hal_gpio.o
    0x08000de2   0x08000de2   0x00000002   PAD
    0x08000de4   0x08000de4   0x0000000c   Code   RO         3141    i.HAL_GetTick       stm32f4xx_hal.o
    0x08000df0   0x08000df0   0x00000010   Code   RO         3145    i.HAL_IncTick       stm32f4xx_hal.o
    0x08000e00   0x08000e00   0x00000034   Code   RO         3146    i.HAL_Init          stm32f4xx_hal.o
    0x08000e34   0x08000e34   0x00000074   Code   RO          713    i.HAL_InitTick      stm32f4xx_hal_timebase_tim.o
    0x08000ea8   0x08000ea8   0x00000038   Code   RO          689    i.HAL_MspInit       stm32f4xx_hal_msp.o
    0x08000ee0   0x08000ee0   0x00000016   Code   RO         2996    i.HAL_NVIC_EnableIRQ  stm32f4xx_hal_cortex.o
    0x08000ef6   0x08000ef6   0x00000002   PAD
    0x08000ef8   0x08000ef8   0x00000040   Code   RO         3002    i.HAL_NVIC_SetPriority  stm32f4xx_hal_cortex.o
    0x08000f38   0x08000f38   0x00000024   Code   RO         3003    i.HAL_NVIC_SetPriorityGrouping  stm32f4xx_hal_cortex.o
    0x08000f5c   0x08000f5c   0x00000070   Code   RO         2925    i.HAL_PWREx_EnableOverDrive  stm32f4xx_hal_pwr_ex.o
    0x08000fcc   0x08000fcc   0x00000130   Code   RO         2183    i.HAL_RCC_ClockConfig  stm32f4xx_hal_rcc.o
    0x080010fc   0x080010fc   0x00000040   Code   RO         2187    i.HAL_RCC_GetClockConfig  stm32f4xx_hal_rcc.o
    0x0800113c   0x0800113c   0x00000020   Code   RO         2190    i.HAL_RCC_GetPCLK1Freq  stm32f4xx_hal_rcc.o
    0x0800115c   0x0800115c   0x00000020   Code   RO         2191    i.HAL_RCC_GetPCLK2Freq  stm32f4xx_hal_rcc.o
    0x0800117c   0x0800117c   0x00000064   Code   RO         2192    i.HAL_RCC_GetSysClockFreq  stm32f4xx_hal_rcc.o
    0x080011e0   0x080011e0   0x0000031c   Code   RO         2195    i.HAL_RCC_OscConfig  stm32f4xx_hal_rcc.o
    0x080014fc   0x080014fc   0x00000002   Code   RO         1617    i.HAL_TIMEx_BreakCallback  stm32f4xx_hal_tim_ex.o
    0x080014fe   0x080014fe   0x00000002   Code   RO         1618    i.HAL_TIMEx_CommutationCallback  stm32f4xx_hal_tim_ex.o
    0x08001500   0x08001500   0x00000036   Code   RO          988    i.HAL_TIM_Base_Init  stm32f4xx_hal_tim.o
    0x08001536   0x08001536   0x00000002   Code   RO          990    i.HAL_TIM_Base_MspInit  stm32f4xx_hal_tim.o
    0x08001538   0x08001538   0x00000018   Code   RO          993    i.HAL_TIM_Base_Start_IT  stm32f4xx_hal_tim.o
    0x08001550   0x08001550   0x00000002   Code   RO         1017    i.HAL_TIM_IC_CaptureCallback  stm32f4xx_hal_tim.o
    0x08001552   0x08001552   0x00000166   Code   RO         1030    i.HAL_TIM_IRQHandler  stm32f4xx_hal_tim.o
    0x080016b8   0x080016b8   0x00000002   Code   RO         1033    i.HAL_TIM_OC_DelayElapsedCallback  stm32f4xx_hal_tim.o
    0x080016ba   0x080016ba   0x00000002   Code   RO         1060    i.HAL_TIM_PWM_PulseFinishedCallback  stm32f4xx_hal_tim.o
    0x080016bc   0x080016bc   0x00000014   Code   RO          302    i.HAL_TIM_PeriodElapsedCallback  main.o
    0x080016d0   0x080016d0   0x00000002   Code   RO         1071    i.HAL_TIM_TriggerCallback  stm32f4xx_hal_tim.o
    0x080016d2   0x080016d2   0x00000002   Code   RO         1877    i.HAL_UART_ErrorCallback  stm32f4xx_hal_uart.o
    0x080016d4   0x080016d4   0x00000110   Code   RO         1880    i.HAL_UART_IRQHandler  stm32f4xx_hal_uart.o
    0x080017e4   0x080017e4   0x00000062   Code   RO         1881    i.HAL_UART_Init     stm32f4xx_hal_uart.o
    0x08001846   0x08001846   0x00000002   PAD
    0x08001848   0x08001848   0x00000078   Code   RO          554    i.HAL_UART_MspInit  usart.o
    0x080018c0   0x080018c0   0x00000048   Code   RO         1886    i.HAL_UART_Receive_IT  stm32f4xx_hal_uart.o
    0x08001908   0x08001908   0x00000002   Code   RO         1887    i.HAL_UART_RxCpltCallback  stm32f4xx_hal_uart.o
    0x0800190a   0x0800190a   0x00000002   Code   RO         1892    i.HAL_UART_TxCpltCallback  stm32f4xx_hal_uart.o
    0x0800190c   0x0800190c   0x00000002   Code   RO          601    i.HardFault_Handler  stm32f4xx_it.o
    0x0800190e   0x0800190e   0x00000002   PAD
    0x08001910   0x08001910   0x00000044   Code   RO          425    i.MX_CAN1_Init      can.o
    0x08001954   0x08001954   0x00000044   Code   RO          426    i.MX_CAN2_Init      can.o
    0x08001998   0x08001998   0x00000080   Code   RO          472    i.MX_FREERTOS_Init  freertos.o
    0x08001a18   0x08001a18   0x000000a8   Code   RO          399    i.MX_GPIO_Init      gpio.o
    0x08001ac0   0x08001ac0   0x00000044   Code   RO          555    i.MX_USART1_UART_Init  usart.o
    0x08001b04   0x08001b04   0x00000002   Code   RO          602    i.MemManage_Handler  stm32f4xx_it.o
    0x08001b06   0x08001b06   0x00000002   Code   RO          603    i.NMI_Handler       stm32f4xx_it.o
    0x08001b08   0x08001b08   0x00000020   Code   RO         3009    i.NVIC_SetPriority  stm32f4xx_hal_cortex.o
    0x08001b28   0x08001b28   0x00000018   Code   RO          237    i.PID_struct_init   pid.o
    0x08001b40   0x08001b40   0x0000001c   Code   RO          473    i.StartDefaultTask  freertos.o
    0x08001b5c   0x08001b5c   0x0000002c   Code   RO         4340    i.SysTick_Handler   port.o
    0x08001b88   0x08001b88   0x00000088   Code   RO          303    i.SystemClock_Config  main.o
    0x08001c10   0x08001c10   0x00000054   Code   RO         3310    i.SystemInit        system_stm32f4xx.o
    0x08001c64   0x08001c64   0x0000000c   Code   RO          604    i.TIM8_TRG_COM_TIM14_IRQHandler  stm32f4xx_it.o
    0x08001c70   0x08001c70   0x000000c0   Code   RO         1072    i.TIM_Base_SetConfig  stm32f4xx_hal_tim.o
    0x08001d30   0x08001d30   0x00000008   Code   RO          474    i.TaskGetInfoFun    freertos.o
    0x08001d38   0x08001d38   0x00000008   Code   RO          475    i.TaskHolderFun     freertos.o
    0x08001d40   0x08001d40   0x000000e4   Code   RO          476    i.TaskMoveFun       freertos.o
    0x08001e24   0x08001e24   0x00000008   Code   RO          477    i.TaskShotFun       freertos.o
    0x08001e2c   0x08001e2c   0x00000010   Code   RO         1894    i.UART_DMAAbortOnError  stm32f4xx_hal_uart.o
    0x08001e3c   0x08001e3c   0x0000001c   Code   RO         1904    i.UART_EndRxTransfer  stm32f4xx_hal_uart.o
    0x08001e58   0x08001e58   0x0000008c   Code   RO         1906    i.UART_Receive_IT   stm32f4xx_hal_uart.o
    0x08001ee4   0x08001ee4   0x000002ac   Code   RO         1907    i.UART_SetConfig    stm32f4xx_hal_uart.o
    0x08002190   0x08002190   0x00000062   Code   RO         1908    i.UART_Transmit_IT  stm32f4xx_hal_uart.o
    0x080021f2   0x080021f2   0x00000002   PAD
    0x080021f4   0x080021f4   0x00000018   Code   RO          605    i.USART1_IRQHandler  stm32f4xx_it.o
    0x0800220c   0x0800220c   0x00000002   Code   RO          606    i.UsageFault_Handler  stm32f4xx_it.o
    0x0800220e   0x0800220e   0x0000000e   Code   RO         4449    i.__scatterload_copy  mc_w.l(handlers.o)
    0x0800221c   0x0800221c   0x00000002   Code   RO         4450    i.__scatterload_null  mc_w.l(handlers.o)
    0x0800221e   0x0800221e   0x0000000e   Code   RO         4451    i.__scatterload_zeroinit  mc_w.l(handlers.o)
    0x0800222c   0x0800222c   0x0000002a   Code   RO          238    i.abs_limit         pid.o
    0x08002256   0x08002256   0x00000002   PAD
    0x08002258   0x08002258   0x00000090   Code   RO          172    i.cal_speed         bsp_uart.o
    0x080022e8   0x080022e8   0x0000005c   Code   RO           14    i.can_filter_init   bsp_can.o
    0x08002344   0x08002344   0x00000028   Code   RO          173    i.dbus_uart_init    bsp_uart.o
    0x0800236c   0x0800236c   0x0000004a   Code   RO           15    i.get_moto_measure  bsp_can.o
    0x080023b6   0x080023b6   0x0000000a   Code   RO           16    i.get_moto_offset   bsp_can.o
    0x080023c0   0x080023c0   0x0000003c   Code   RO          304    i.main              main.o
    0x080023fc   0x080023fc   0x0000000c   Code   RO         3908    i.makeFreeRtosPriority  cmsis_os.o
    0x08002408   0x08002408   0x0000000e   Code   RO         3910    i.osDelay           cmsis_os.o
    0x08002416   0x08002416   0x0000000a   Code   RO         3913    i.osKernelStart     cmsis_os.o
    0x08002420   0x08002420   0x0000002e   Code   RO         3947    i.osThreadCreate    cmsis_os.o
    0x0800244e   0x0800244e   0x00000002   PAD
    0x08002450   0x08002450   0x000001c4   Code   RO          239    i.pid_calc          pid.o
    0x08002614   0x08002614   0x0000000e   Code   RO          240    i.pid_param_init    pid.o
    0x08002622   0x08002622   0x00000006   Code   RO          241    i.pid_reset         pid.o
    0x08002628   0x08002628   0x00000070   Code   RO         3619    i.prvAddCurrentTaskToDelayedList  tasks.o
    0x08002698   0x08002698   0x000000d0   Code   RO         3620    i.prvAddNewTaskToReadyList  tasks.o
    0x08002768   0x08002768   0x00000050   Code   RO         3621    i.prvCheckTasksWaitingTermination  tasks.o
    0x080027b8   0x080027b8   0x00000014   Code   RO         3622    i.prvDeleteTCB      tasks.o
    0x080027cc   0x080027cc   0x0000004c   Code   RO         4278    i.prvHeapInit       heap_4.o
    0x08002818   0x08002818   0x00000028   Code   RO         3623    i.prvIdleTask       tasks.o
    0x08002840   0x08002840   0x0000008e   Code   RO         3624    i.prvInitialiseNewTask  tasks.o
    0x080028ce   0x080028ce   0x00000002   PAD
    0x080028d0   0x080028d0   0x0000004c   Code   RO         4279    i.prvInsertBlockIntoFreeList  heap_4.o
    0x0800291c   0x0800291c   0x00000020   Code   RO         3625    i.prvResetNextTaskUnblockTime  tasks.o
    0x0800293c   0x0800293c   0x00000028   Code   RO         4341    i.prvTaskExitError  port.o
    0x08002964   0x08002964   0x000000d8   Code   RO         4280    i.pvPortMalloc      heap_4.o
    0x08002a3c   0x08002a3c   0x0000002c   Code   RO         4342    i.pxPortInitialiseStack  port.o
    0x08002a68   0x08002a68   0x00000090   Code   RO          174    i.rc_callback_handler  bsp_uart.o
    0x08002af8   0x08002af8   0x00000048   Code   RO           17    i.set_moto_current  bsp_can.o
    0x08002b40   0x08002b40   0x0000004c   Code   RO          175    i.uart_receive_handler  bsp_uart.o
    0x08002b8c   0x08002b8c   0x00000024   Code   RO         3442    i.uxListRemove      list.o
    0x08002bb0   0x08002bb0   0x00000016   Code   RO         3443    i.vListInitialise   list.o
    0x08002bc6   0x08002bc6   0x00000006   Code   RO         3444    i.vListInitialiseItem  list.o
    0x08002bcc   0x08002bcc   0x00000030   Code   RO         3445    i.vListInsert       list.o
    0x08002bfc   0x08002bfc   0x00000018   Code   RO         3446    i.vListInsertEnd    list.o
    0x08002c14   0x08002c14   0x00000040   Code   RO         4344    i.vPortEnterCritical  port.o
    0x08002c54   0x08002c54   0x00000028   Code   RO         4345    i.vPortExitCritical  port.o
    0x08002c7c   0x08002c7c   0x0000005c   Code   RO         4281    i.vPortFree         heap_4.o
    0x08002cd8   0x08002cd8   0x00000020   Code   RO         4346    i.vPortSetupTimerInterrupt  port.o
    0x08002cf8   0x08002cf8   0x0000004c   Code   RO         3633    i.vTaskDelay        tasks.o
    0x08002d44   0x08002d44   0x00000068   Code   RO         3644    i.vTaskStartScheduler  tasks.o
    0x08002dac   0x08002dac   0x00000010   Code   RO         3646    i.vTaskSuspendAll   tasks.o
    0x08002dbc   0x08002dbc   0x0000005c   Code   RO         3647    i.vTaskSwitchContext  tasks.o
    0x08002e18   0x08002e18   0x000000e0   Code   RO         4348    i.xPortStartScheduler  port.o
    0x08002ef8   0x08002ef8   0x00000056   Code   RO         3649    i.xTaskCreate       tasks.o
    0x08002f4e   0x08002f4e   0x00000002   PAD
    0x08002f50   0x08002f50   0x000000c8   Code   RO         3656    i.xTaskIncrementTick  tasks.o
    0x08003018   0x08003018   0x000000c4   Code   RO         3662    i.xTaskResumeAll    tasks.o
    0x080030dc   0x080030dc   0x00000064   Data   RO          478    .constdata          freertos.o
    0x08003140   0x08003140   0x00000010   Data   RO         3311    .constdata          system_stm32f4xx.o
    0x08003150   0x08003150   0x00000008   Data   RO         3312    .constdata          system_stm32f4xx.o
    0x08003158   0x08003158   0x00000039   Data   RO          479    .conststring        freertos.o
    0x08003191   0x08003191   0x00000003   PAD
    0x08003194   0x08003194   0x00000020   Data   RO         4447    Region$$Table       anon$$obj.o


    Execution Region RW_IRAM1 (Exec base: 0x20000000, Load base: 0x080031b4, Size: 0x00004540, Max: 0x00030000, ABSOLUTE)

    Exec Addr    Load Addr    Size         Type   Attr      Idx    E Section Name        Object

    0x20000000   0x080031b4   0x0000000c   Data   RW           19    .data               bsp_can.o
    0x2000000c   0x080031c0   0x00000004   Data   RW          428    .data               can.o
    0x20000010   0x080031c4   0x0000001c   Data   RW          480    .data               freertos.o
    0x2000002c   0x080031e0   0x0000000c   Data   RW         3153    .data               stm32f4xx_hal.o
    0x20000038   0x080031ec   0x00000004   Data   RW         3313    .data               system_stm32f4xx.o
    0x2000003c   0x080031f0   0x0000003c   Data   RW         3665    .data               tasks.o
    0x20000078   0x0800322c   0x00000018   Data   RW         4286    .data               heap_4.o
    0x20000090   0x08003244   0x0000000c   Data   RW         4349    .data               port.o
    0x2000009c        -       0x00000110   Zero   RW           18    .bss                bsp_can.o
    0x200001ac        -       0x00000026   Zero   RW          176    .bss                bsp_uart.o
    0x200001d2   0x08003250   0x00000002   PAD
    0x200001d4        -       0x000001b0   Zero   RW          245    .bss                pid.o
    0x20000384        -       0x00000050   Zero   RW          427    .bss                can.o
    0x200003d4        -       0x00000040   Zero   RW          556    .bss                usart.o
    0x20000414        -       0x0000003c   Zero   RW          716    .bss                stm32f4xx_hal_timebase_tim.o
    0x20000450        -       0x000000f0   Zero   RW         3664    .bss                tasks.o
    0x20000540        -       0x00003c00   Zero   RW         4285    .bss                heap_4.o
    0x20004140        -       0x00000400   Zero   RW            1    STACK               startup_stm32f427xx.o


==============================================================================

Image component sizes


      Code (inc. data)   RO Data    RW Data    ZI Data      Debug   Object Name

       340         20          0         12        272     738095   bsp_can.o
       404         32          0          0         38       9237   bsp_uart.o
       420         42          0          4         80       2406   can.o
        82          0          0          0          0      12653   cmsis_os.o
         0          0          0          0          0       9508   event_groups.o
       408         42        157         28          0       4214   freertos.o
       168         14          0          0          0        939   gpio.o
       460         24          0         24      15360       7291   heap_4.o
       136          0          0          0          0       3502   list.o
       218         24          0          0          0      23016   main.o
       538         12          0          0        432       4783   pid.o
       674         74          0         12          0      10948   port.o
        36          8        428          0       1024        828   startup_stm32f427xx.o
        80         14          0         12          0       3218   stm32f4xx_hal.o
      1660          6          0          0          0      13859   stm32f4xx_hal_can.o
       154         14          0          0          0      29582   stm32f4xx_hal_cortex.o
        36          0          0          0          0       1203   stm32f4xx_hal_dma.o
       478         52          0          0          0       3021   stm32f4xx_hal_gpio.o
        56          4          0          0          0        822   stm32f4xx_hal_msp.o
       112         14          0          0          0       1272   stm32f4xx_hal_pwr_ex.o
      1328         90          0          0          0       5753   stm32f4xx_hal_rcc.o
       638         44          0          0          0       6974   stm32f4xx_hal_tim.o
         4          0          0          0          0       1586   stm32f4xx_hal_tim_ex.o
       116         16          0          0         60       1380   stm32f4xx_hal_timebase_tim.o
      1414         14          0          0          0       8153   stm32f4xx_hal_uart.o
        96         36          0          0          0       5489   stm32f4xx_it.o
        84         18         24          4          0       1135   system_stm32f4xx.o
      1404        116          0         60        240      15302   tasks.o
       188         26          0          0         64       1658   usart.o

    ----------------------------------------------------------------------
     11762        756        644        156      17572     927827   Object Totals
         0          0         32          0          0          0   (incl. Generated)
        30          0          3          0          2          0   (incl. Padding)

    ----------------------------------------------------------------------

      Code (inc. data)   RO Data    RW Data    ZI Data      Debug   Library Member Name

         0          0          0          0          0          0   entry.o
         0          0          0          0          0          0   entry10a.o
         0          0          0          0          0          0   entry11a.o
         8          4          0          0          0          0   entry2.o
         4          0          0          0          0          0   entry5.o
         0          0          0          0          0          0   entry7b.o
         0          0          0          0          0          0   entry8b.o
         8          4          0          0          0          0   entry9a.o
        30          0          0          0          0          0   handlers.o
        36          8          0          0          0         68   init.o
        30          0          0          0          0         68   llshl.o
        32          0          0          0          0         68   llushr.o
        36          0          0          0          0         68   memcpya.o
        36          0          0          0          0        108   memseta.o
        98          0          0          0          0         92   uldiv.o

    ----------------------------------------------------------------------
       318         16          0          0          0        472   Library Totals
         0          0          0          0          0          0   (incl. Padding)

    ----------------------------------------------------------------------

      Code (inc. data)   RO Data    RW Data    ZI Data      Debug   Library Name

       318         16          0          0          0        472   mc_w.l

    ----------------------------------------------------------------------
       318         16          0          0          0        472   Library Totals

    ----------------------------------------------------------------------

==============================================================================


      Code (inc. data)   RO Data    RW Data    ZI Data      Debug   

     12080        772        644        156      17572     915247   Grand Totals
     12080        772        644        156      17572     915247   ELF Image Totals
     12080        772        644        156          0          0   ROM Totals

==============================================================================

    Total RO  Size (Code + RO Data)                12724 (  12.43kB)
    Total RW  Size (RW Data + ZI Data)             17728 (  17.31kB)
    Total ROM Size (Code + RO Data + RW Data)      12880 (  12.58kB)

==============================================================================

